Archive member included to satisfy reference by file (symbol)

c:/program files/microchip/xc8/v2.36/avr/bin/../lib/gcc/avr/5.4.0/../../../../avr/lib/avr6/memx-const\libm.a(addsf3.o)
                              MCAL/Src/USART.o (__subsf3)
c:/program files/microchip/xc8/v2.36/avr/bin/../lib/gcc/avr/5.4.0/../../../../avr/lib/avr6/memx-const\libm.a(addsf3x.o)
                              c:/program files/microchip/xc8/v2.36/avr/bin/../lib/gcc/avr/5.4.0/../../../../avr/lib/avr6/memx-const\libm.a(addsf3.o) (__addsf3x)
c:/program files/microchip/xc8/v2.36/avr/bin/../lib/gcc/avr/5.4.0/../../../../avr/lib/avr6/memx-const\libm.a(divsf3.o)
                              MCAL/Src/USART.o (__divsf3)
c:/program files/microchip/xc8/v2.36/avr/bin/../lib/gcc/avr/5.4.0/../../../../avr/lib/avr6/memx-const\libm.a(divsf3x.o)
                              c:/program files/microchip/xc8/v2.36/avr/bin/../lib/gcc/avr/5.4.0/../../../../avr/lib/avr6/memx-const\libm.a(divsf3.o) (__divsf3x)
c:/program files/microchip/xc8/v2.36/avr/bin/../lib/gcc/avr/5.4.0/../../../../avr/lib/avr6/memx-const\libm.a(fixsfsi.o)
                              HAL/Src/GLCD12864.o (__fixsfsi)
c:/program files/microchip/xc8/v2.36/avr/bin/../lib/gcc/avr/5.4.0/../../../../avr/lib/avr6/memx-const\libm.a(fixunssfsi.o)
                              HAL/Src/GLCD12864.o (__fixunssfsi)
c:/program files/microchip/xc8/v2.36/avr/bin/../lib/gcc/avr/5.4.0/../../../../avr/lib/avr6/memx-const\libm.a(floatsisf.o)
                              HAL/Src/GLCD12864.o (__floatunsisf)
c:/program files/microchip/xc8/v2.36/avr/bin/../lib/gcc/avr/5.4.0/../../../../avr/lib/avr6/memx-const\libm.a(fp_inf.o)
                              c:/program files/microchip/xc8/v2.36/avr/bin/../lib/gcc/avr/5.4.0/../../../../avr/lib/avr6/memx-const\libm.a(addsf3x.o) (__fp_inf)
c:/program files/microchip/xc8/v2.36/avr/bin/../lib/gcc/avr/5.4.0/../../../../avr/lib/avr6/memx-const\libm.a(fp_nan.o)
                              c:/program files/microchip/xc8/v2.36/avr/bin/../lib/gcc/avr/5.4.0/../../../../avr/lib/avr6/memx-const\libm.a(addsf3x.o) (__fp_nan)
c:/program files/microchip/xc8/v2.36/avr/bin/../lib/gcc/avr/5.4.0/../../../../avr/lib/avr6/memx-const\libm.a(fp_pscA.o)
                              c:/program files/microchip/xc8/v2.36/avr/bin/../lib/gcc/avr/5.4.0/../../../../avr/lib/avr6/memx-const\libm.a(addsf3x.o) (__fp_pscA)
c:/program files/microchip/xc8/v2.36/avr/bin/../lib/gcc/avr/5.4.0/../../../../avr/lib/avr6/memx-const\libm.a(fp_pscB.o)
                              c:/program files/microchip/xc8/v2.36/avr/bin/../lib/gcc/avr/5.4.0/../../../../avr/lib/avr6/memx-const\libm.a(addsf3x.o) (__fp_pscB)
c:/program files/microchip/xc8/v2.36/avr/bin/../lib/gcc/avr/5.4.0/../../../../avr/lib/avr6/memx-const\libm.a(fp_round.o)
                              c:/program files/microchip/xc8/v2.36/avr/bin/../lib/gcc/avr/5.4.0/../../../../avr/lib/avr6/memx-const\libm.a(addsf3.o) (__fp_round)
c:/program files/microchip/xc8/v2.36/avr/bin/../lib/gcc/avr/5.4.0/../../../../avr/lib/avr6/memx-const\libm.a(fp_split3.o)
                              c:/program files/microchip/xc8/v2.36/avr/bin/../lib/gcc/avr/5.4.0/../../../../avr/lib/avr6/memx-const\libm.a(addsf3x.o) (__fp_split3)
c:/program files/microchip/xc8/v2.36/avr/bin/../lib/gcc/avr/5.4.0/../../../../avr/lib/avr6/memx-const\libm.a(fp_zero.o)
                              c:/program files/microchip/xc8/v2.36/avr/bin/../lib/gcc/avr/5.4.0/../../../../avr/lib/avr6/memx-const\libm.a(addsf3x.o) (__fp_zero)
c:/program files/microchip/xc8/v2.36/avr/bin/../lib/gcc/avr/5.4.0/../../../../avr/lib/avr6/memx-const\libm.a(roundf.o)
                              MCAL/Src/USART.o (roundf)
c:/program files/microchip/xc8/v2.36/avr/bin/../lib/gcc/avr/5.4.0/../../../../avr/lib/avr6/memx-const\libm.a(cmpsf2.o)
                              c:/program files/microchip/xc8/v2.36/avr/bin/../lib/gcc/avr/5.4.0/../../../../avr/lib/avr6/memx-const\libm.a(roundf.o) (__lesf2)
c:/program files/microchip/xc8/v2.36/avr/bin/../lib/gcc/avr/5.4.0/../../../../avr/lib/avr6/memx-const\libm.a(fp_cmp.o)
                              c:/program files/microchip/xc8/v2.36/avr/bin/../lib/gcc/avr/5.4.0/../../../../avr/lib/avr6/memx-const\libm.a(cmpsf2.o) (__fp_cmp)
c:/program files/microchip/xc8/v2.36/avr/bin/../lib/gcc/avr/5.4.0/../../../../avr/lib/avr6/memx-const\libm.a(gesf2.o)
                              c:/program files/microchip/xc8/v2.36/avr/bin/../lib/gcc/avr/5.4.0/../../../../avr/lib/avr6/memx-const\libm.a(roundf.o) (__gtsf2)
c:/program files/microchip/xc8/v2.36/avr/bin/../lib/gcc/avr/5.4.0/../../../../avr/lib/avr6/memx-const\libm.a(mulsf3.o)
                              c:/program files/microchip/xc8/v2.36/avr/bin/../lib/gcc/avr/5.4.0/../../../../avr/lib/avr6/memx-const\libm.a(roundf.o) (__mulsf3)
c:/program files/microchip/xc8/v2.36/avr/bin/../lib/gcc/avr/5.4.0/../../../../avr/lib/avr6/memx-const\libm.a(mulsf3x.o)
                              c:/program files/microchip/xc8/v2.36/avr/bin/../lib/gcc/avr/5.4.0/../../../../avr/lib/avr6/memx-const\libm.a(mulsf3.o) (__mulsf3x)
c:/program files/microchip/xc8/v2.36/avr/bin/../lib/gcc/avr/5.4.0/avr6/memx-const\libgcc.a(_udivmodsi4.o)
                              MCAL/Src/I2C.o (__udivmodsi4)
c:/program files/microchip/xc8/v2.36/avr/bin/../lib/gcc/avr/5.4.0/avr6/memx-const\libgcc.a(_divmodsi4.o)
                              HAL/Src/CHR_LCD.o (__divmodsi4)
c:/program files/microchip/xc8/v2.36/avr/bin/../lib/gcc/avr/5.4.0/avr6/memx-const\libgcc.a(_negsi2.o)
                              c:/program files/microchip/xc8/v2.36/avr/bin/../lib/gcc/avr/5.4.0/avr6/memx-const\libgcc.a(_divmodsi4.o) (__negsi2)
c:/program files/microchip/xc8/v2.36/avr/bin/../lib/gcc/avr/5.4.0/avr6/memx-const\libgcc.a(_copy_data.o)
                              Application/main.o (__do_copy_data)
c:/program files/microchip/xc8/v2.36/avr/bin/../lib/gcc/avr/5.4.0/avr6/memx-const\libgcc.a(_xload_1.o)
                              HAL/Src/CHR_LCD.o (__xload_1)
c:/program files/microchip/xc8/v2.36/avr/bin/../lib/gcc/avr/5.4.0/avr6/memx-const\libgcc.a(_xload_4.o)
                              MCAL/Src/I2C.o (__xload_4)
c:/program files/microchip/xc8/v2.36/avr/bin/../lib/gcc/avr/5.4.0/../../../../avr/lib/avr6/memx-const\libc.a(exit.o)
                              C:/Program Files (x86)/Atmel/Studio/7.0/Packs/atmel/ATmega_DFP/1.7.374/xc8/avr/lib/avr6/memx-const/crtatmega2560.o (exit)
c:/program files/microchip/xc8/v2.36/avr/bin/../lib/gcc/avr/5.4.0/../../../../avr/lib/avr6/memx-const\libc.a(memcpy.o)
                              MCAL/Src/USART.o (memcpy)
c:/program files/microchip/xc8/v2.36/avr/bin/../lib/gcc/avr/5.4.0/../../../../avr/lib/avr6/memx-const\libc.a(_Exit.o)
                              c:/program files/microchip/xc8/v2.36/avr/bin/../lib/gcc/avr/5.4.0/../../../../avr/lib/avr6/memx-const\libc.a(exit.o) (_Exit)
c:/program files/microchip/xc8/v2.36/avr/bin/../lib/gcc/avr/5.4.0/avr6/memx-const\libgcc.a(_exit.o)
                              c:/program files/microchip/xc8/v2.36/avr/bin/../lib/gcc/avr/5.4.0/../../../../avr/lib/avr6/memx-const\libc.a(_Exit.o) (_exit)

Discarded input sections

 .data          0x0000000000000000        0x0 C:/Program Files (x86)/Atmel/Studio/7.0/Packs/atmel/ATmega_DFP/1.7.374/xc8/avr/lib/avr6/memx-const/crtatmega2560.o
 .bss           0x0000000000000000        0x0 C:/Program Files (x86)/Atmel/Studio/7.0/Packs/atmel/ATmega_DFP/1.7.374/xc8/avr/lib/avr6/memx-const/crtatmega2560.o
 .text          0x0000000000000000        0x0 Application/AppConfig.o
 .data          0x0000000000000000        0x0 Application/AppConfig.o
 .bss           0x0000000000000000        0x0 Application/AppConfig.o
 .debug_info    0x0000000000000000      0x273 Application/AppConfig.o
 .debug_abbrev  0x0000000000000000       0x1b Application/AppConfig.o
 .debug_aranges
                0x0000000000000000       0x18 Application/AppConfig.o
 .debug_line    0x0000000000000000       0x1a Application/AppConfig.o
 .debug_str     0x0000000000000000        0x0 Application/AppConfig.o
 .comment       0x0000000000000000       0x30 Application/AppConfig.o
 .text          0x0000000000000000        0x0 Application/main.o
 .data          0x0000000000000000        0x0 Application/main.o
 .bss           0x0000000000000000        0x0 Application/main.o
 .progmemx.data.HeartcustomChar
                0x0000000000000000        0x8 Application/main.o
 .progmemx.data.SmilecustomChar
                0x0000000000000000        0x8 Application/main.o
 .data.LCD1     0x0000000000000000       0x15 Application/main.o
 .text          0x0000000000000000        0x0 HAL/Src/CHR_LCD.o
 .data          0x0000000000000000        0x0 HAL/Src/CHR_LCD.o
 .bss           0x0000000000000000        0x0 HAL/Src/CHR_LCD.o
 .text.LCD_Write4Bits
                0x0000000000000000       0x60 HAL/Src/CHR_LCD.o
 .text.LCD_EnableControl
                0x0000000000000000       0x46 HAL/Src/CHR_LCD.o
 .text.LCD_WriteCommand
                0x0000000000000000       0xfe HAL/Src/CHR_LCD.o
 .text.LCD_Init
                0x0000000000000000      0x176 HAL/Src/CHR_LCD.o
 .text.LCD_WriteChar
                0x0000000000000000       0xd6 HAL/Src/CHR_LCD.o
 .text.LCD_WriteString
                0x0000000000000000       0x4e HAL/Src/CHR_LCD.o
 .text.LCD_SetCursor
                0x0000000000000000       0x46 HAL/Src/CHR_LCD.o
 .text.LCD_WriteCharInPos
                0x0000000000000000       0x30 HAL/Src/CHR_LCD.o
 .text.LCD_WriteCustomChar
                0x0000000000000000       0x90 HAL/Src/CHR_LCD.o
 .text.LCD_WriteStringInPos
                0x0000000000000000       0x5a HAL/Src/CHR_LCD.o
 .text.LCD_WriteInteger
                0x0000000000000000      0x12e HAL/Src/CHR_LCD.o
 .text.LCD_WriteIntegerInPos
                0x0000000000000000      0x14e HAL/Src/CHR_LCD.o
 .text.LCD_Clear
                0x0000000000000000       0x16 HAL/Src/CHR_LCD.o
 .debug_info    0x0000000000000000     0x1347 HAL/Src/CHR_LCD.o
 .debug_abbrev  0x0000000000000000      0x29d HAL/Src/CHR_LCD.o
 .debug_loc     0x0000000000000000     0x162a HAL/Src/CHR_LCD.o
 .debug_aranges
                0x0000000000000000       0x80 HAL/Src/CHR_LCD.o
 .debug_ranges  0x0000000000000000       0xa0 HAL/Src/CHR_LCD.o
 .debug_line    0x0000000000000000      0x6f1 HAL/Src/CHR_LCD.o
 .debug_str     0x0000000000000000       0x55 HAL/Src/CHR_LCD.o
 .comment       0x0000000000000000       0x30 HAL/Src/CHR_LCD.o
 .debug_frame   0x0000000000000000      0x284 HAL/Src/CHR_LCD.o
 .text          0x0000000000000000        0x0 HAL/Src/GLCD12864.o
 .data          0x0000000000000000        0x0 HAL/Src/GLCD12864.o
 .bss           0x0000000000000000        0x0 HAL/Src/GLCD12864.o
 .text.GLCD_SetCursor
                0x0000000000000000       0x24 HAL/Src/GLCD12864.o
 .text          0x0000000000000000        0x0 MCAL/Src/ADC.o
 .data          0x0000000000000000        0x0 MCAL/Src/ADC.o
 .bss           0x0000000000000000        0x0 MCAL/Src/ADC.o
 .text.ADMUX_Config
                0x0000000000000000       0x3c MCAL/Src/ADC.o
 .text.ADCSRA_Config
                0x0000000000000000       0x6a MCAL/Src/ADC.o
 .text.ADC_Init
                0x0000000000000000       0x1a MCAL/Src/ADC.o
 .text.ADC_Read
                0x0000000000000000       0x58 MCAL/Src/ADC.o
 .text          0x0000000000000000        0x0 MCAL/Src/DIO.o
 .data          0x0000000000000000        0x0 MCAL/Src/DIO.o
 .bss           0x0000000000000000        0x0 MCAL/Src/DIO.o
 .text.DIO_PinDirStatus
                0x0000000000000000       0x6e MCAL/Src/DIO.o
 .text.DIO_PinRead
                0x0000000000000000       0x6e MCAL/Src/DIO.o
 .text.DIO_PortDirSetup
                0x0000000000000000       0x20 MCAL/Src/DIO.o
 .text.DIO_PortDirStatus
                0x0000000000000000       0x24 MCAL/Src/DIO.o
 .text.DIO_PortWrite
                0x0000000000000000       0x20 MCAL/Src/DIO.o
 .text.DIO_PortRead
                0x0000000000000000       0x24 MCAL/Src/DIO.o
 .text.DIO_PortToggle
                0x0000000000000000       0x24 MCAL/Src/DIO.o
 .text.DIO_PortROL
                0x0000000000000000       0x54 MCAL/Src/DIO.o
 .text.DIO_PortROR
                0x0000000000000000       0x54 MCAL/Src/DIO.o
 .data.PIN_REG  0x0000000000000000       0x16 MCAL/Src/DIO.o
 .text          0x0000000000000000        0x0 MCAL/Src/Global_Interrupt.o
 .data          0x0000000000000000        0x0 MCAL/Src/Global_Interrupt.o
 .bss           0x0000000000000000        0x0 MCAL/Src/Global_Interrupt.o
 .text.ENABLE_GIE
                0x0000000000000000        0x8 MCAL/Src/Global_Interrupt.o
 .text.DISABLE_GIE
                0x0000000000000000        0x8 MCAL/Src/Global_Interrupt.o
 .debug_info    0x0000000000000000      0x2bf MCAL/Src/Global_Interrupt.o
 .debug_abbrev  0x0000000000000000       0x46 MCAL/Src/Global_Interrupt.o
 .debug_aranges
                0x0000000000000000       0x28 MCAL/Src/Global_Interrupt.o
 .debug_ranges  0x0000000000000000       0x18 MCAL/Src/Global_Interrupt.o
 .debug_line    0x0000000000000000       0x99 MCAL/Src/Global_Interrupt.o
 .debug_str     0x0000000000000000        0x0 MCAL/Src/Global_Interrupt.o
 .comment       0x0000000000000000       0x30 MCAL/Src/Global_Interrupt.o
 .debug_frame   0x0000000000000000       0x34 MCAL/Src/Global_Interrupt.o
 .text          0x0000000000000000        0x0 MCAL/Src/I2C.o
 .data          0x0000000000000000        0x0 MCAL/Src/I2C.o
 .bss           0x0000000000000000        0x0 MCAL/Src/I2C.o
 .text.I2C_Init
                0x0000000000000000       0xf8 MCAL/Src/I2C.o
 .text.I2C_ReadByteWithAck
                0x0000000000000000       0x32 MCAL/Src/I2C.o
 .text.I2C_ReadByteWithNack
                0x0000000000000000       0x2e MCAL/Src/I2C.o
 .text.I2C_GeneralCallRecognition
                0x0000000000000000       0x16 MCAL/Src/I2C.o
 .text.I2C_GetStatus
                0x0000000000000000        0x8 MCAL/Src/I2C.o
 .text.I2C_WriteByte
                0x0000000000000000       0x34 MCAL/Src/I2C.o
 .text.I2C_Start
                0x0000000000000000       0x2c MCAL/Src/I2C.o
 .text.I2C_Stop
                0x0000000000000000        0xa MCAL/Src/I2C.o
 .debug_info    0x0000000000000000      0x707 MCAL/Src/I2C.o
 .debug_abbrev  0x0000000000000000      0x153 MCAL/Src/I2C.o
 .debug_loc     0x0000000000000000      0x279 MCAL/Src/I2C.o
 .debug_aranges
                0x0000000000000000       0x58 MCAL/Src/I2C.o
 .debug_ranges  0x0000000000000000       0x78 MCAL/Src/I2C.o
 .debug_line    0x0000000000000000      0x2bc MCAL/Src/I2C.o
 .debug_str     0x0000000000000000        0x7 MCAL/Src/I2C.o
 .comment       0x0000000000000000       0x30 MCAL/Src/I2C.o
 .debug_frame   0x0000000000000000       0x9c MCAL/Src/I2C.o
 .text          0x0000000000000000        0x0 MCAL/Src/SPI.o
 .data          0x0000000000000000        0x0 MCAL/Src/SPI.o
 .bss           0x0000000000000000        0x0 MCAL/Src/SPI.o
 .text.SPI_Shift
                0x0000000000000000       0x36 MCAL/Src/SPI.o
 .text.SPI_Init
                0x0000000000000000      0x112 MCAL/Src/SPI.o
 .text.SPI_Transfer
                0x0000000000000000       0xce MCAL/Src/SPI.o
 .text.SPI_Send
                0x0000000000000000       0xd4 MCAL/Src/SPI.o
 .text.SPI_Receive
                0x0000000000000000       0xf2 MCAL/Src/SPI.o
 .text.SPI_TransferDMA
                0x0000000000000000        0xe MCAL/Src/SPI.o
 .text.SPI_IsBusy
                0x0000000000000000        0xe MCAL/Src/SPI.o
 .text.SPI_Set_SS
                0x0000000000000000       0x2e MCAL/Src/SPI.o
 .text.SPI_DaisyChain
                0x0000000000000000        0xe MCAL/Src/SPI.o
 .text.SPI_ClearReadBuffer
                0x0000000000000000        0xc MCAL/Src/SPI.o
 .text.SPI_ClearWriteBuffer
                0x0000000000000000        0xc MCAL/Src/SPI.o
 .bss.TX_DataIsReady
                0x0000000000000000        0x1 MCAL/Src/SPI.o
 .bss.RX_DataIsAvailable
                0x0000000000000000        0x1 MCAL/Src/SPI.o
 .bss.SPI_TX_BufferHead
                0x0000000000000000        0x1 MCAL/Src/SPI.o
 .bss.SPI_TX_Buffer
                0x0000000000000000      0x100 MCAL/Src/SPI.o
 .text          0x0000000000000000        0x0 MCAL/Src/USART.o
 .data          0x0000000000000000        0x0 MCAL/Src/USART.o
 .bss           0x0000000000000000        0x0 MCAL/Src/USART.o
 .text.USART_Init
                0x0000000000000000      0x1dc MCAL/Src/USART.o
 .text.USART_Transmit_Byte
                0x0000000000000000      0x1fc MCAL/Src/USART.o
 .text.USART_Receive_Byte
                0x0000000000000000      0x220 MCAL/Src/USART.o
 .text.USART_Transmit_String
                0x0000000000000000       0x4e MCAL/Src/USART.o
 .text.USART_Receive_String
                0x0000000000000000      0x16e MCAL/Src/USART.o
 .text.USART_StringReady
                0x0000000000000000       0x64 MCAL/Src/USART.o
 .text.USART_Flush
                0x0000000000000000       0x44 MCAL/Src/USART.o
 .bss.RX_DataIsAvailable
                0x0000000000000000        0x4 MCAL/Src/USART.o
 .bss.RX_DataIsReady
                0x0000000000000000        0x4 MCAL/Src/USART.o
 .bss.RX_IndexBuffer
                0x0000000000000000        0x4 MCAL/Src/USART.o
 .bss.TX_IndexBuffer
                0x0000000000000000        0x4 MCAL/Src/USART.o
 .data.UBRR_REG
                0x0000000000000000        0x8 MCAL/Src/USART.o
 .data.UCSRC_REG
                0x0000000000000000        0x8 MCAL/Src/USART.o
 .data          0x0000000000000000        0x0 c:/program files/microchip/xc8/v2.36/avr/bin/../lib/gcc/avr/5.4.0/../../../../avr/lib/avr6/memx-const\libm.a(addsf3.o)
 .bss           0x0000000000000000        0x0 c:/program files/microchip/xc8/v2.36/avr/bin/../lib/gcc/avr/5.4.0/../../../../avr/lib/avr6/memx-const\libm.a(addsf3.o)
 .stack.descriptors
                0x0000000000000000       0x2c c:/program files/microchip/xc8/v2.36/avr/bin/../lib/gcc/avr/5.4.0/../../../../avr/lib/avr6/memx-const\libm.a(addsf3.o)
 .data          0x0000000000000000        0x0 c:/program files/microchip/xc8/v2.36/avr/bin/../lib/gcc/avr/5.4.0/../../../../avr/lib/avr6/memx-const\libm.a(addsf3x.o)
 .bss           0x0000000000000000        0x0 c:/program files/microchip/xc8/v2.36/avr/bin/../lib/gcc/avr/5.4.0/../../../../avr/lib/avr6/memx-const\libm.a(addsf3x.o)
 .stack.descriptors
                0x0000000000000000       0x17 c:/program files/microchip/xc8/v2.36/avr/bin/../lib/gcc/avr/5.4.0/../../../../avr/lib/avr6/memx-const\libm.a(addsf3x.o)
 .text          0x0000000000000000        0x8 c:/program files/microchip/xc8/v2.36/avr/bin/../lib/gcc/avr/5.4.0/../../../../avr/lib/avr6/memx-const\libm.a(divsf3.o)
 .data          0x0000000000000000        0x0 c:/program files/microchip/xc8/v2.36/avr/bin/../lib/gcc/avr/5.4.0/../../../../avr/lib/avr6/memx-const\libm.a(divsf3.o)
 .bss           0x0000000000000000        0x0 c:/program files/microchip/xc8/v2.36/avr/bin/../lib/gcc/avr/5.4.0/../../../../avr/lib/avr6/memx-const\libm.a(divsf3.o)
 .stack.descriptors.hdr
                0x0000000000000000        0xe c:/program files/microchip/xc8/v2.36/avr/bin/../lib/gcc/avr/5.4.0/../../../../avr/lib/avr6/memx-const\libm.a(divsf3.o)
 .stack.descriptors
                0x0000000000000000       0x16 c:/program files/microchip/xc8/v2.36/avr/bin/../lib/gcc/avr/5.4.0/../../../../avr/lib/avr6/memx-const\libm.a(divsf3.o)
 .note.GNU-stack
                0x0000000000000000        0x0 c:/program files/microchip/xc8/v2.36/avr/bin/../lib/gcc/avr/5.4.0/../../../../avr/lib/avr6/memx-const\libm.a(divsf3.o)
 .text          0x0000000000000000       0xde c:/program files/microchip/xc8/v2.36/avr/bin/../lib/gcc/avr/5.4.0/../../../../avr/lib/avr6/memx-const\libm.a(divsf3x.o)
 .data          0x0000000000000000        0x0 c:/program files/microchip/xc8/v2.36/avr/bin/../lib/gcc/avr/5.4.0/../../../../avr/lib/avr6/memx-const\libm.a(divsf3x.o)
 .bss           0x0000000000000000        0x0 c:/program files/microchip/xc8/v2.36/avr/bin/../lib/gcc/avr/5.4.0/../../../../avr/lib/avr6/memx-const\libm.a(divsf3x.o)
 .stack.descriptors.hdr
                0x0000000000000000        0xe c:/program files/microchip/xc8/v2.36/avr/bin/../lib/gcc/avr/5.4.0/../../../../avr/lib/avr6/memx-const\libm.a(divsf3x.o)
 .stack.descriptors
                0x0000000000000000       0x31 c:/program files/microchip/xc8/v2.36/avr/bin/../lib/gcc/avr/5.4.0/../../../../avr/lib/avr6/memx-const\libm.a(divsf3x.o)
 .note.GNU-stack
                0x0000000000000000        0x0 c:/program files/microchip/xc8/v2.36/avr/bin/../lib/gcc/avr/5.4.0/../../../../avr/lib/avr6/memx-const\libm.a(divsf3x.o)
 .data          0x0000000000000000        0x0 c:/program files/microchip/xc8/v2.36/avr/bin/../lib/gcc/avr/5.4.0/../../../../avr/lib/avr6/memx-const\libm.a(fixsfsi.o)
 .bss           0x0000000000000000        0x0 c:/program files/microchip/xc8/v2.36/avr/bin/../lib/gcc/avr/5.4.0/../../../../avr/lib/avr6/memx-const\libm.a(fixsfsi.o)
 .stack.descriptors
                0x0000000000000000       0x17 c:/program files/microchip/xc8/v2.36/avr/bin/../lib/gcc/avr/5.4.0/../../../../avr/lib/avr6/memx-const\libm.a(fixsfsi.o)
 .data          0x0000000000000000        0x0 c:/program files/microchip/xc8/v2.36/avr/bin/../lib/gcc/avr/5.4.0/../../../../avr/lib/avr6/memx-const\libm.a(fixunssfsi.o)
 .bss           0x0000000000000000        0x0 c:/program files/microchip/xc8/v2.36/avr/bin/../lib/gcc/avr/5.4.0/../../../../avr/lib/avr6/memx-const\libm.a(fixunssfsi.o)
 .stack.descriptors
                0x0000000000000000       0x1a c:/program files/microchip/xc8/v2.36/avr/bin/../lib/gcc/avr/5.4.0/../../../../avr/lib/avr6/memx-const\libm.a(fixunssfsi.o)
 .data          0x0000000000000000        0x0 c:/program files/microchip/xc8/v2.36/avr/bin/../lib/gcc/avr/5.4.0/../../../../avr/lib/avr6/memx-const\libm.a(floatsisf.o)
 .bss           0x0000000000000000        0x0 c:/program files/microchip/xc8/v2.36/avr/bin/../lib/gcc/avr/5.4.0/../../../../avr/lib/avr6/memx-const\libm.a(floatsisf.o)
 .stack.descriptors
                0x0000000000000000       0x34 c:/program files/microchip/xc8/v2.36/avr/bin/../lib/gcc/avr/5.4.0/../../../../avr/lib/avr6/memx-const\libm.a(floatsisf.o)
 .data          0x0000000000000000        0x0 c:/program files/microchip/xc8/v2.36/avr/bin/../lib/gcc/avr/5.4.0/../../../../avr/lib/avr6/memx-const\libm.a(fp_inf.o)
 .bss           0x0000000000000000        0x0 c:/program files/microchip/xc8/v2.36/avr/bin/../lib/gcc/avr/5.4.0/../../../../avr/lib/avr6/memx-const\libm.a(fp_inf.o)
 .stack.descriptors
                0x0000000000000000       0x16 c:/program files/microchip/xc8/v2.36/avr/bin/../lib/gcc/avr/5.4.0/../../../../avr/lib/avr6/memx-const\libm.a(fp_inf.o)
 .data          0x0000000000000000        0x0 c:/program files/microchip/xc8/v2.36/avr/bin/../lib/gcc/avr/5.4.0/../../../../avr/lib/avr6/memx-const\libm.a(fp_nan.o)
 .bss           0x0000000000000000        0x0 c:/program files/microchip/xc8/v2.36/avr/bin/../lib/gcc/avr/5.4.0/../../../../avr/lib/avr6/memx-const\libm.a(fp_nan.o)
 .stack.descriptors
                0x0000000000000000       0x16 c:/program files/microchip/xc8/v2.36/avr/bin/../lib/gcc/avr/5.4.0/../../../../avr/lib/avr6/memx-const\libm.a(fp_nan.o)
 .data          0x0000000000000000        0x0 c:/program files/microchip/xc8/v2.36/avr/bin/../lib/gcc/avr/5.4.0/../../../../avr/lib/avr6/memx-const\libm.a(fp_pscA.o)
 .bss           0x0000000000000000        0x0 c:/program files/microchip/xc8/v2.36/avr/bin/../lib/gcc/avr/5.4.0/../../../../avr/lib/avr6/memx-const\libm.a(fp_pscA.o)
 .stack.descriptors
                0x0000000000000000       0x17 c:/program files/microchip/xc8/v2.36/avr/bin/../lib/gcc/avr/5.4.0/../../../../avr/lib/avr6/memx-const\libm.a(fp_pscA.o)
 .data          0x0000000000000000        0x0 c:/program files/microchip/xc8/v2.36/avr/bin/../lib/gcc/avr/5.4.0/../../../../avr/lib/avr6/memx-const\libm.a(fp_pscB.o)
 .bss           0x0000000000000000        0x0 c:/program files/microchip/xc8/v2.36/avr/bin/../lib/gcc/avr/5.4.0/../../../../avr/lib/avr6/memx-const\libm.a(fp_pscB.o)
 .stack.descriptors
                0x0000000000000000       0x17 c:/program files/microchip/xc8/v2.36/avr/bin/../lib/gcc/avr/5.4.0/../../../../avr/lib/avr6/memx-const\libm.a(fp_pscB.o)
 .data          0x0000000000000000        0x0 c:/program files/microchip/xc8/v2.36/avr/bin/../lib/gcc/avr/5.4.0/../../../../avr/lib/avr6/memx-const\libm.a(fp_round.o)
 .bss           0x0000000000000000        0x0 c:/program files/microchip/xc8/v2.36/avr/bin/../lib/gcc/avr/5.4.0/../../../../avr/lib/avr6/memx-const\libm.a(fp_round.o)
 .stack.descriptors
                0x0000000000000000       0x18 c:/program files/microchip/xc8/v2.36/avr/bin/../lib/gcc/avr/5.4.0/../../../../avr/lib/avr6/memx-const\libm.a(fp_round.o)
 .data          0x0000000000000000        0x0 c:/program files/microchip/xc8/v2.36/avr/bin/../lib/gcc/avr/5.4.0/../../../../avr/lib/avr6/memx-const\libm.a(fp_split3.o)
 .bss           0x0000000000000000        0x0 c:/program files/microchip/xc8/v2.36/avr/bin/../lib/gcc/avr/5.4.0/../../../../avr/lib/avr6/memx-const\libm.a(fp_split3.o)
 .stack.descriptors
                0x0000000000000000       0x32 c:/program files/microchip/xc8/v2.36/avr/bin/../lib/gcc/avr/5.4.0/../../../../avr/lib/avr6/memx-const\libm.a(fp_split3.o)
 .data          0x0000000000000000        0x0 c:/program files/microchip/xc8/v2.36/avr/bin/../lib/gcc/avr/5.4.0/../../../../avr/lib/avr6/memx-const\libm.a(fp_zero.o)
 .bss           0x0000000000000000        0x0 c:/program files/microchip/xc8/v2.36/avr/bin/../lib/gcc/avr/5.4.0/../../../../avr/lib/avr6/memx-const\libm.a(fp_zero.o)
 .stack.descriptors
                0x0000000000000000       0x2f c:/program files/microchip/xc8/v2.36/avr/bin/../lib/gcc/avr/5.4.0/../../../../avr/lib/avr6/memx-const\libm.a(fp_zero.o)
 .text          0x0000000000000000        0x0 c:/program files/microchip/xc8/v2.36/avr/bin/../lib/gcc/avr/5.4.0/../../../../avr/lib/avr6/memx-const\libm.a(roundf.o)
 .data          0x0000000000000000        0x0 c:/program files/microchip/xc8/v2.36/avr/bin/../lib/gcc/avr/5.4.0/../../../../avr/lib/avr6/memx-const\libm.a(roundf.o)
 .bss           0x0000000000000000        0x0 c:/program files/microchip/xc8/v2.36/avr/bin/../lib/gcc/avr/5.4.0/../../../../avr/lib/avr6/memx-const\libm.a(roundf.o)
 .text.roundf   0x0000000000000000      0x136 c:/program files/microchip/xc8/v2.36/avr/bin/../lib/gcc/avr/5.4.0/../../../../avr/lib/avr6/memx-const\libm.a(roundf.o)
 .comment       0x0000000000000000       0x30 c:/program files/microchip/xc8/v2.36/avr/bin/../lib/gcc/avr/5.4.0/../../../../avr/lib/avr6/memx-const\libm.a(roundf.o)
 .note.GNU-stack
                0x0000000000000000        0x0 c:/program files/microchip/xc8/v2.36/avr/bin/../lib/gcc/avr/5.4.0/../../../../avr/lib/avr6/memx-const\libm.a(roundf.o)
 .text          0x0000000000000000        0xa c:/program files/microchip/xc8/v2.36/avr/bin/../lib/gcc/avr/5.4.0/../../../../avr/lib/avr6/memx-const\libm.a(cmpsf2.o)
 .data          0x0000000000000000        0x0 c:/program files/microchip/xc8/v2.36/avr/bin/../lib/gcc/avr/5.4.0/../../../../avr/lib/avr6/memx-const\libm.a(cmpsf2.o)
 .bss           0x0000000000000000        0x0 c:/program files/microchip/xc8/v2.36/avr/bin/../lib/gcc/avr/5.4.0/../../../../avr/lib/avr6/memx-const\libm.a(cmpsf2.o)
 .stack.descriptors.hdr
                0x0000000000000000        0xe c:/program files/microchip/xc8/v2.36/avr/bin/../lib/gcc/avr/5.4.0/../../../../avr/lib/avr6/memx-const\libm.a(cmpsf2.o)
 .stack.descriptors
                0x0000000000000000       0x6a c:/program files/microchip/xc8/v2.36/avr/bin/../lib/gcc/avr/5.4.0/../../../../avr/lib/avr6/memx-const\libm.a(cmpsf2.o)
 .note.GNU-stack
                0x0000000000000000        0x0 c:/program files/microchip/xc8/v2.36/avr/bin/../lib/gcc/avr/5.4.0/../../../../avr/lib/avr6/memx-const\libm.a(cmpsf2.o)
 .text          0x0000000000000000       0x48 c:/program files/microchip/xc8/v2.36/avr/bin/../lib/gcc/avr/5.4.0/../../../../avr/lib/avr6/memx-const\libm.a(fp_cmp.o)
 .data          0x0000000000000000        0x0 c:/program files/microchip/xc8/v2.36/avr/bin/../lib/gcc/avr/5.4.0/../../../../avr/lib/avr6/memx-const\libm.a(fp_cmp.o)
 .bss           0x0000000000000000        0x0 c:/program files/microchip/xc8/v2.36/avr/bin/../lib/gcc/avr/5.4.0/../../../../avr/lib/avr6/memx-const\libm.a(fp_cmp.o)
 .stack.descriptors.hdr
                0x0000000000000000        0xe c:/program files/microchip/xc8/v2.36/avr/bin/../lib/gcc/avr/5.4.0/../../../../avr/lib/avr6/memx-const\libm.a(fp_cmp.o)
 .stack.descriptors
                0x0000000000000000       0x16 c:/program files/microchip/xc8/v2.36/avr/bin/../lib/gcc/avr/5.4.0/../../../../avr/lib/avr6/memx-const\libm.a(fp_cmp.o)
 .note.GNU-stack
                0x0000000000000000        0x0 c:/program files/microchip/xc8/v2.36/avr/bin/../lib/gcc/avr/5.4.0/../../../../avr/lib/avr6/memx-const\libm.a(fp_cmp.o)
 .text          0x0000000000000000        0xa c:/program files/microchip/xc8/v2.36/avr/bin/../lib/gcc/avr/5.4.0/../../../../avr/lib/avr6/memx-const\libm.a(gesf2.o)
 .data          0x0000000000000000        0x0 c:/program files/microchip/xc8/v2.36/avr/bin/../lib/gcc/avr/5.4.0/../../../../avr/lib/avr6/memx-const\libm.a(gesf2.o)
 .bss           0x0000000000000000        0x0 c:/program files/microchip/xc8/v2.36/avr/bin/../lib/gcc/avr/5.4.0/../../../../avr/lib/avr6/memx-const\libm.a(gesf2.o)
 .stack.descriptors.hdr
                0x0000000000000000        0xe c:/program files/microchip/xc8/v2.36/avr/bin/../lib/gcc/avr/5.4.0/../../../../avr/lib/avr6/memx-const\libm.a(gesf2.o)
 .stack.descriptors
                0x0000000000000000       0x2a c:/program files/microchip/xc8/v2.36/avr/bin/../lib/gcc/avr/5.4.0/../../../../avr/lib/avr6/memx-const\libm.a(gesf2.o)
 .note.GNU-stack
                0x0000000000000000        0x0 c:/program files/microchip/xc8/v2.36/avr/bin/../lib/gcc/avr/5.4.0/../../../../avr/lib/avr6/memx-const\libm.a(gesf2.o)
 .text          0x0000000000000000        0x8 c:/program files/microchip/xc8/v2.36/avr/bin/../lib/gcc/avr/5.4.0/../../../../avr/lib/avr6/memx-const\libm.a(mulsf3.o)
 .data          0x0000000000000000        0x0 c:/program files/microchip/xc8/v2.36/avr/bin/../lib/gcc/avr/5.4.0/../../../../avr/lib/avr6/memx-const\libm.a(mulsf3.o)
 .bss           0x0000000000000000        0x0 c:/program files/microchip/xc8/v2.36/avr/bin/../lib/gcc/avr/5.4.0/../../../../avr/lib/avr6/memx-const\libm.a(mulsf3.o)
 .stack.descriptors.hdr
                0x0000000000000000        0xe c:/program files/microchip/xc8/v2.36/avr/bin/../lib/gcc/avr/5.4.0/../../../../avr/lib/avr6/memx-const\libm.a(mulsf3.o)
 .stack.descriptors
                0x0000000000000000       0x16 c:/program files/microchip/xc8/v2.36/avr/bin/../lib/gcc/avr/5.4.0/../../../../avr/lib/avr6/memx-const\libm.a(mulsf3.o)
 .note.GNU-stack
                0x0000000000000000        0x0 c:/program files/microchip/xc8/v2.36/avr/bin/../lib/gcc/avr/5.4.0/../../../../avr/lib/avr6/memx-const\libm.a(mulsf3.o)
 .text          0x0000000000000000       0xd4 c:/program files/microchip/xc8/v2.36/avr/bin/../lib/gcc/avr/5.4.0/../../../../avr/lib/avr6/memx-const\libm.a(mulsf3x.o)
 .data          0x0000000000000000        0x0 c:/program files/microchip/xc8/v2.36/avr/bin/../lib/gcc/avr/5.4.0/../../../../avr/lib/avr6/memx-const\libm.a(mulsf3x.o)
 .bss           0x0000000000000000        0x0 c:/program files/microchip/xc8/v2.36/avr/bin/../lib/gcc/avr/5.4.0/../../../../avr/lib/avr6/memx-const\libm.a(mulsf3x.o)
 .stack.descriptors.hdr
                0x0000000000000000        0xe c:/program files/microchip/xc8/v2.36/avr/bin/../lib/gcc/avr/5.4.0/../../../../avr/lib/avr6/memx-const\libm.a(mulsf3x.o)
 .stack.descriptors
                0x0000000000000000       0x31 c:/program files/microchip/xc8/v2.36/avr/bin/../lib/gcc/avr/5.4.0/../../../../avr/lib/avr6/memx-const\libm.a(mulsf3x.o)
 .note.GNU-stack
                0x0000000000000000        0x0 c:/program files/microchip/xc8/v2.36/avr/bin/../lib/gcc/avr/5.4.0/../../../../avr/lib/avr6/memx-const\libm.a(mulsf3x.o)
 .text          0x0000000000000000        0x0 c:/program files/microchip/xc8/v2.36/avr/bin/../lib/gcc/avr/5.4.0/avr6/memx-const\libgcc.a(_udivmodsi4.o)
 .data          0x0000000000000000        0x0 c:/program files/microchip/xc8/v2.36/avr/bin/../lib/gcc/avr/5.4.0/avr6/memx-const\libgcc.a(_udivmodsi4.o)
 .bss           0x0000000000000000        0x0 c:/program files/microchip/xc8/v2.36/avr/bin/../lib/gcc/avr/5.4.0/avr6/memx-const\libgcc.a(_udivmodsi4.o)
 .text.libgcc.mul
                0x0000000000000000        0x0 c:/program files/microchip/xc8/v2.36/avr/bin/../lib/gcc/avr/5.4.0/avr6/memx-const\libgcc.a(_udivmodsi4.o)
 .text.libgcc.div
                0x0000000000000000       0x44 c:/program files/microchip/xc8/v2.36/avr/bin/../lib/gcc/avr/5.4.0/avr6/memx-const\libgcc.a(_udivmodsi4.o)
 .stack.descriptors.hdr
                0x0000000000000000        0xe c:/program files/microchip/xc8/v2.36/avr/bin/../lib/gcc/avr/5.4.0/avr6/memx-const\libgcc.a(_udivmodsi4.o)
 .stack.descriptors
                0x0000000000000000       0x1a c:/program files/microchip/xc8/v2.36/avr/bin/../lib/gcc/avr/5.4.0/avr6/memx-const\libgcc.a(_udivmodsi4.o)
 .text.libgcc   0x0000000000000000        0x0 c:/program files/microchip/xc8/v2.36/avr/bin/../lib/gcc/avr/5.4.0/avr6/memx-const\libgcc.a(_udivmodsi4.o)
 .text.libgcc.prologue
                0x0000000000000000        0x0 c:/program files/microchip/xc8/v2.36/avr/bin/../lib/gcc/avr/5.4.0/avr6/memx-const\libgcc.a(_udivmodsi4.o)
 .text.libgcc.builtins
                0x0000000000000000        0x0 c:/program files/microchip/xc8/v2.36/avr/bin/../lib/gcc/avr/5.4.0/avr6/memx-const\libgcc.a(_udivmodsi4.o)
 .text.libgcc.fmul
                0x0000000000000000        0x0 c:/program files/microchip/xc8/v2.36/avr/bin/../lib/gcc/avr/5.4.0/avr6/memx-const\libgcc.a(_udivmodsi4.o)
 .text.libgcc.fixed
                0x0000000000000000        0x0 c:/program files/microchip/xc8/v2.36/avr/bin/../lib/gcc/avr/5.4.0/avr6/memx-const\libgcc.a(_udivmodsi4.o)
 .text          0x0000000000000000        0x0 c:/program files/microchip/xc8/v2.36/avr/bin/../lib/gcc/avr/5.4.0/avr6/memx-const\libgcc.a(_divmodsi4.o)
 .data          0x0000000000000000        0x0 c:/program files/microchip/xc8/v2.36/avr/bin/../lib/gcc/avr/5.4.0/avr6/memx-const\libgcc.a(_divmodsi4.o)
 .bss           0x0000000000000000        0x0 c:/program files/microchip/xc8/v2.36/avr/bin/../lib/gcc/avr/5.4.0/avr6/memx-const\libgcc.a(_divmodsi4.o)
 .text.libgcc.mul
                0x0000000000000000        0x0 c:/program files/microchip/xc8/v2.36/avr/bin/../lib/gcc/avr/5.4.0/avr6/memx-const\libgcc.a(_divmodsi4.o)
 .text.libgcc.div
                0x0000000000000000       0x2e c:/program files/microchip/xc8/v2.36/avr/bin/../lib/gcc/avr/5.4.0/avr6/memx-const\libgcc.a(_divmodsi4.o)
 .stack.descriptors.hdr
                0x0000000000000000        0xe c:/program files/microchip/xc8/v2.36/avr/bin/../lib/gcc/avr/5.4.0/avr6/memx-const\libgcc.a(_divmodsi4.o)
 .stack.descriptors
                0x0000000000000000       0x19 c:/program files/microchip/xc8/v2.36/avr/bin/../lib/gcc/avr/5.4.0/avr6/memx-const\libgcc.a(_divmodsi4.o)
 .text.libgcc   0x0000000000000000        0x0 c:/program files/microchip/xc8/v2.36/avr/bin/../lib/gcc/avr/5.4.0/avr6/memx-const\libgcc.a(_divmodsi4.o)
 .text.libgcc.prologue
                0x0000000000000000        0x0 c:/program files/microchip/xc8/v2.36/avr/bin/../lib/gcc/avr/5.4.0/avr6/memx-const\libgcc.a(_divmodsi4.o)
 .text.libgcc.builtins
                0x0000000000000000        0x0 c:/program files/microchip/xc8/v2.36/avr/bin/../lib/gcc/avr/5.4.0/avr6/memx-const\libgcc.a(_divmodsi4.o)
 .text.libgcc.fmul
                0x0000000000000000        0x0 c:/program files/microchip/xc8/v2.36/avr/bin/../lib/gcc/avr/5.4.0/avr6/memx-const\libgcc.a(_divmodsi4.o)
 .text.libgcc.fixed
                0x0000000000000000        0x0 c:/program files/microchip/xc8/v2.36/avr/bin/../lib/gcc/avr/5.4.0/avr6/memx-const\libgcc.a(_divmodsi4.o)
 .text          0x0000000000000000        0x0 c:/program files/microchip/xc8/v2.36/avr/bin/../lib/gcc/avr/5.4.0/avr6/memx-const\libgcc.a(_negsi2.o)
 .data          0x0000000000000000        0x0 c:/program files/microchip/xc8/v2.36/avr/bin/../lib/gcc/avr/5.4.0/avr6/memx-const\libgcc.a(_negsi2.o)
 .bss           0x0000000000000000        0x0 c:/program files/microchip/xc8/v2.36/avr/bin/../lib/gcc/avr/5.4.0/avr6/memx-const\libgcc.a(_negsi2.o)
 .text.libgcc.mul
                0x0000000000000000        0x0 c:/program files/microchip/xc8/v2.36/avr/bin/../lib/gcc/avr/5.4.0/avr6/memx-const\libgcc.a(_negsi2.o)
 .text.libgcc.div
                0x0000000000000000       0x10 c:/program files/microchip/xc8/v2.36/avr/bin/../lib/gcc/avr/5.4.0/avr6/memx-const\libgcc.a(_negsi2.o)
 .stack.descriptors.hdr
                0x0000000000000000        0xe c:/program files/microchip/xc8/v2.36/avr/bin/../lib/gcc/avr/5.4.0/avr6/memx-const\libgcc.a(_negsi2.o)
 .stack.descriptors
                0x0000000000000000       0x16 c:/program files/microchip/xc8/v2.36/avr/bin/../lib/gcc/avr/5.4.0/avr6/memx-const\libgcc.a(_negsi2.o)
 .text.libgcc   0x0000000000000000        0x0 c:/program files/microchip/xc8/v2.36/avr/bin/../lib/gcc/avr/5.4.0/avr6/memx-const\libgcc.a(_negsi2.o)
 .text.libgcc.prologue
                0x0000000000000000        0x0 c:/program files/microchip/xc8/v2.36/avr/bin/../lib/gcc/avr/5.4.0/avr6/memx-const\libgcc.a(_negsi2.o)
 .text.libgcc.builtins
                0x0000000000000000        0x0 c:/program files/microchip/xc8/v2.36/avr/bin/../lib/gcc/avr/5.4.0/avr6/memx-const\libgcc.a(_negsi2.o)
 .text.libgcc.fmul
                0x0000000000000000        0x0 c:/program files/microchip/xc8/v2.36/avr/bin/../lib/gcc/avr/5.4.0/avr6/memx-const\libgcc.a(_negsi2.o)
 .text.libgcc.fixed
                0x0000000000000000        0x0 c:/program files/microchip/xc8/v2.36/avr/bin/../lib/gcc/avr/5.4.0/avr6/memx-const\libgcc.a(_negsi2.o)
 .text          0x0000000000000000        0x0 c:/program files/microchip/xc8/v2.36/avr/bin/../lib/gcc/avr/5.4.0/avr6/memx-const\libgcc.a(_copy_data.o)
 .data          0x0000000000000000        0x0 c:/program files/microchip/xc8/v2.36/avr/bin/../lib/gcc/avr/5.4.0/avr6/memx-const\libgcc.a(_copy_data.o)
 .bss           0x0000000000000000        0x0 c:/program files/microchip/xc8/v2.36/avr/bin/../lib/gcc/avr/5.4.0/avr6/memx-const\libgcc.a(_copy_data.o)
 .text.libgcc.mul
                0x0000000000000000        0x0 c:/program files/microchip/xc8/v2.36/avr/bin/../lib/gcc/avr/5.4.0/avr6/memx-const\libgcc.a(_copy_data.o)
 .text.libgcc.div
                0x0000000000000000        0x0 c:/program files/microchip/xc8/v2.36/avr/bin/../lib/gcc/avr/5.4.0/avr6/memx-const\libgcc.a(_copy_data.o)
 .text.libgcc   0x0000000000000000        0x0 c:/program files/microchip/xc8/v2.36/avr/bin/../lib/gcc/avr/5.4.0/avr6/memx-const\libgcc.a(_copy_data.o)
 .text.libgcc.prologue
                0x0000000000000000        0x0 c:/program files/microchip/xc8/v2.36/avr/bin/../lib/gcc/avr/5.4.0/avr6/memx-const\libgcc.a(_copy_data.o)
 .text.libgcc.builtins
                0x0000000000000000        0x0 c:/program files/microchip/xc8/v2.36/avr/bin/../lib/gcc/avr/5.4.0/avr6/memx-const\libgcc.a(_copy_data.o)
 .text.libgcc.fmul
                0x0000000000000000        0x0 c:/program files/microchip/xc8/v2.36/avr/bin/../lib/gcc/avr/5.4.0/avr6/memx-const\libgcc.a(_copy_data.o)
 .text.libgcc.fixed
                0x0000000000000000        0x0 c:/program files/microchip/xc8/v2.36/avr/bin/../lib/gcc/avr/5.4.0/avr6/memx-const\libgcc.a(_copy_data.o)
 .text          0x0000000000000000        0x0 c:/program files/microchip/xc8/v2.36/avr/bin/../lib/gcc/avr/5.4.0/avr6/memx-const\libgcc.a(_xload_1.o)
 .data          0x0000000000000000        0x0 c:/program files/microchip/xc8/v2.36/avr/bin/../lib/gcc/avr/5.4.0/avr6/memx-const\libgcc.a(_xload_1.o)
 .bss           0x0000000000000000        0x0 c:/program files/microchip/xc8/v2.36/avr/bin/../lib/gcc/avr/5.4.0/avr6/memx-const\libgcc.a(_xload_1.o)
 .text.libgcc.mul
                0x0000000000000000        0x0 c:/program files/microchip/xc8/v2.36/avr/bin/../lib/gcc/avr/5.4.0/avr6/memx-const\libgcc.a(_xload_1.o)
 .text.libgcc.div
                0x0000000000000000        0x0 c:/program files/microchip/xc8/v2.36/avr/bin/../lib/gcc/avr/5.4.0/avr6/memx-const\libgcc.a(_xload_1.o)
 .text.libgcc.prologue
                0x0000000000000000        0x0 c:/program files/microchip/xc8/v2.36/avr/bin/../lib/gcc/avr/5.4.0/avr6/memx-const\libgcc.a(_xload_1.o)
 .stack.descriptors
                0x0000000000000000       0x17 c:/program files/microchip/xc8/v2.36/avr/bin/../lib/gcc/avr/5.4.0/avr6/memx-const\libgcc.a(_xload_1.o)
 .text.libgcc.builtins
                0x0000000000000000        0x0 c:/program files/microchip/xc8/v2.36/avr/bin/../lib/gcc/avr/5.4.0/avr6/memx-const\libgcc.a(_xload_1.o)
 .text.libgcc.fmul
                0x0000000000000000        0x0 c:/program files/microchip/xc8/v2.36/avr/bin/../lib/gcc/avr/5.4.0/avr6/memx-const\libgcc.a(_xload_1.o)
 .text.libgcc.fixed
                0x0000000000000000        0x0 c:/program files/microchip/xc8/v2.36/avr/bin/../lib/gcc/avr/5.4.0/avr6/memx-const\libgcc.a(_xload_1.o)
 .text          0x0000000000000000        0x0 c:/program files/microchip/xc8/v2.36/avr/bin/../lib/gcc/avr/5.4.0/avr6/memx-const\libgcc.a(_xload_4.o)
 .data          0x0000000000000000        0x0 c:/program files/microchip/xc8/v2.36/avr/bin/../lib/gcc/avr/5.4.0/avr6/memx-const\libgcc.a(_xload_4.o)
 .bss           0x0000000000000000        0x0 c:/program files/microchip/xc8/v2.36/avr/bin/../lib/gcc/avr/5.4.0/avr6/memx-const\libgcc.a(_xload_4.o)
 .text.libgcc.mul
                0x0000000000000000        0x0 c:/program files/microchip/xc8/v2.36/avr/bin/../lib/gcc/avr/5.4.0/avr6/memx-const\libgcc.a(_xload_4.o)
 .text.libgcc.div
                0x0000000000000000        0x0 c:/program files/microchip/xc8/v2.36/avr/bin/../lib/gcc/avr/5.4.0/avr6/memx-const\libgcc.a(_xload_4.o)
 .text.libgcc   0x0000000000000000       0x1a c:/program files/microchip/xc8/v2.36/avr/bin/../lib/gcc/avr/5.4.0/avr6/memx-const\libgcc.a(_xload_4.o)
 .text.libgcc.prologue
                0x0000000000000000        0x0 c:/program files/microchip/xc8/v2.36/avr/bin/../lib/gcc/avr/5.4.0/avr6/memx-const\libgcc.a(_xload_4.o)
 .stack.descriptors.hdr
                0x0000000000000000        0xe c:/program files/microchip/xc8/v2.36/avr/bin/../lib/gcc/avr/5.4.0/avr6/memx-const\libgcc.a(_xload_4.o)
 .stack.descriptors
                0x0000000000000000       0x17 c:/program files/microchip/xc8/v2.36/avr/bin/../lib/gcc/avr/5.4.0/avr6/memx-const\libgcc.a(_xload_4.o)
 .text.libgcc.builtins
                0x0000000000000000        0x0 c:/program files/microchip/xc8/v2.36/avr/bin/../lib/gcc/avr/5.4.0/avr6/memx-const\libgcc.a(_xload_4.o)
 .text.libgcc.fmul
                0x0000000000000000        0x0 c:/program files/microchip/xc8/v2.36/avr/bin/../lib/gcc/avr/5.4.0/avr6/memx-const\libgcc.a(_xload_4.o)
 .text.libgcc.fixed
                0x0000000000000000        0x0 c:/program files/microchip/xc8/v2.36/avr/bin/../lib/gcc/avr/5.4.0/avr6/memx-const\libgcc.a(_xload_4.o)
 .text          0x0000000000000000        0x0 c:/program files/microchip/xc8/v2.36/avr/bin/../lib/gcc/avr/5.4.0/../../../../avr/lib/avr6/memx-const\libc.a(exit.o)
 .data          0x0000000000000000        0x0 c:/program files/microchip/xc8/v2.36/avr/bin/../lib/gcc/avr/5.4.0/../../../../avr/lib/avr6/memx-const\libc.a(exit.o)
 .bss           0x0000000000000000        0x0 c:/program files/microchip/xc8/v2.36/avr/bin/../lib/gcc/avr/5.4.0/../../../../avr/lib/avr6/memx-const\libc.a(exit.o)
 .text          0x0000000000000000        0x0 c:/program files/microchip/xc8/v2.36/avr/bin/../lib/gcc/avr/5.4.0/../../../../avr/lib/avr6/memx-const\libc.a(memcpy.o)
 .data          0x0000000000000000        0x0 c:/program files/microchip/xc8/v2.36/avr/bin/../lib/gcc/avr/5.4.0/../../../../avr/lib/avr6/memx-const\libc.a(memcpy.o)
 .bss           0x0000000000000000        0x0 c:/program files/microchip/xc8/v2.36/avr/bin/../lib/gcc/avr/5.4.0/../../../../avr/lib/avr6/memx-const\libc.a(memcpy.o)
 .text.memcpy   0x0000000000000000       0x32 c:/program files/microchip/xc8/v2.36/avr/bin/../lib/gcc/avr/5.4.0/../../../../avr/lib/avr6/memx-const\libc.a(memcpy.o)
 .comment       0x0000000000000000       0x30 c:/program files/microchip/xc8/v2.36/avr/bin/../lib/gcc/avr/5.4.0/../../../../avr/lib/avr6/memx-const\libc.a(memcpy.o)
 .note.GNU-stack
                0x0000000000000000        0x0 c:/program files/microchip/xc8/v2.36/avr/bin/../lib/gcc/avr/5.4.0/../../../../avr/lib/avr6/memx-const\libc.a(memcpy.o)
 .text          0x0000000000000000        0x0 c:/program files/microchip/xc8/v2.36/avr/bin/../lib/gcc/avr/5.4.0/../../../../avr/lib/avr6/memx-const\libc.a(_Exit.o)
 .data          0x0000000000000000        0x0 c:/program files/microchip/xc8/v2.36/avr/bin/../lib/gcc/avr/5.4.0/../../../../avr/lib/avr6/memx-const\libc.a(_Exit.o)
 .bss           0x0000000000000000        0x0 c:/program files/microchip/xc8/v2.36/avr/bin/../lib/gcc/avr/5.4.0/../../../../avr/lib/avr6/memx-const\libc.a(_Exit.o)
 .text          0x0000000000000000        0x0 c:/program files/microchip/xc8/v2.36/avr/bin/../lib/gcc/avr/5.4.0/avr6/memx-const\libgcc.a(_exit.o)
 .data          0x0000000000000000        0x0 c:/program files/microchip/xc8/v2.36/avr/bin/../lib/gcc/avr/5.4.0/avr6/memx-const\libgcc.a(_exit.o)
 .bss           0x0000000000000000        0x0 c:/program files/microchip/xc8/v2.36/avr/bin/../lib/gcc/avr/5.4.0/avr6/memx-const\libgcc.a(_exit.o)
 .text.libgcc.mul
                0x0000000000000000        0x0 c:/program files/microchip/xc8/v2.36/avr/bin/../lib/gcc/avr/5.4.0/avr6/memx-const\libgcc.a(_exit.o)
 .text.libgcc.div
                0x0000000000000000        0x0 c:/program files/microchip/xc8/v2.36/avr/bin/../lib/gcc/avr/5.4.0/avr6/memx-const\libgcc.a(_exit.o)
 .text.libgcc   0x0000000000000000        0x0 c:/program files/microchip/xc8/v2.36/avr/bin/../lib/gcc/avr/5.4.0/avr6/memx-const\libgcc.a(_exit.o)
 .text.libgcc.prologue
                0x0000000000000000        0x0 c:/program files/microchip/xc8/v2.36/avr/bin/../lib/gcc/avr/5.4.0/avr6/memx-const\libgcc.a(_exit.o)
 .stack.descriptors
                0x0000000000000000       0x13 c:/program files/microchip/xc8/v2.36/avr/bin/../lib/gcc/avr/5.4.0/avr6/memx-const\libgcc.a(_exit.o)
 .text.libgcc.builtins
                0x0000000000000000        0x0 c:/program files/microchip/xc8/v2.36/avr/bin/../lib/gcc/avr/5.4.0/avr6/memx-const\libgcc.a(_exit.o)
 .text.libgcc.fmul
                0x0000000000000000        0x0 c:/program files/microchip/xc8/v2.36/avr/bin/../lib/gcc/avr/5.4.0/avr6/memx-const\libgcc.a(_exit.o)
 .text.libgcc.fixed
                0x0000000000000000        0x0 c:/program files/microchip/xc8/v2.36/avr/bin/../lib/gcc/avr/5.4.0/avr6/memx-const\libgcc.a(_exit.o)

Memory Configuration

Name             Origin             Length             Attributes
text             0x0000000000000000 0x0000000000040000 xr
data             0x0000000000800200 0x0000000000002000 rw !x
eeprom           0x0000000000810000 0x0000000000001000 rw !x
fuse             0x0000000000820000 0x0000000000000003 rw !x
lock             0x0000000000830000 0x0000000000000400 rw !x
signature        0x0000000000840000 0x0000000000000400 rw !x
user_signatures  0x0000000000850000 0x0000000000000400 rw !x
*default*        0x0000000000000000 0xffffffffffffffff

Linker script and memory map

Address of section .data set to 0x800200
LOAD C:/Program Files (x86)/Atmel/Studio/7.0/Packs/atmel/ATmega_DFP/1.7.374/xc8/avr/lib/avr6/memx-const/crtatmega2560.o
LOAD Application/AppConfig.o
LOAD Application/main.o
LOAD HAL/Src/CHR_LCD.o
LOAD HAL/Src/GLCD12864.o
LOAD MCAL/Src/ADC.o
LOAD MCAL/Src/DIO.o
LOAD MCAL/Src/Global_Interrupt.o
LOAD MCAL/Src/I2C.o
LOAD MCAL/Src/SPI.o
LOAD MCAL/Src/USART.o
START GROUP
LOAD c:/program files/microchip/xc8/v2.36/avr/bin/../lib/gcc/avr/5.4.0/../../../../avr/lib/avr6/memx-const\libm.a
END GROUP
START GROUP
LOAD c:/program files/microchip/xc8/v2.36/avr/bin/../lib/gcc/avr/5.4.0/avr6/memx-const\libgcc.a
LOAD c:/program files/microchip/xc8/v2.36/avr/bin/../lib/gcc/avr/5.4.0/../../../../avr/lib/avr6/memx-const\libm.a
LOAD c:/program files/microchip/xc8/v2.36/avr/bin/../lib/gcc/avr/5.4.0/../../../../avr/lib/avr6/memx-const\libc.a
LOAD C:/Program Files (x86)/Atmel/Studio/7.0/Packs/atmel/ATmega_DFP/1.7.374/xc8/avr/lib/avr6/memx-const\libatmega2560.a
END GROUP
                0x0000000000000000                __TEXT_REGION_ORIGIN__ = DEFINED (__TEXT_REGION_ORIGIN__)?__TEXT_REGION_ORIGIN__:0x0
                [0x0000000000800200]                __DATA_REGION_ORIGIN__ = DEFINED (__DATA_REGION_ORIGIN__)?__DATA_REGION_ORIGIN__:0x800200
                [0x0000000000040000]                __TEXT_REGION_LENGTH__ = DEFINED (__TEXT_REGION_LENGTH__)?__TEXT_REGION_LENGTH__:0x100000
                [0x0000000000002000]                __DATA_REGION_LENGTH__ = DEFINED (__DATA_REGION_LENGTH__)?__DATA_REGION_LENGTH__:0xfe00
                [0x0000000000001000]                __EEPROM_REGION_LENGTH__ = DEFINED (__EEPROM_REGION_LENGTH__)?__EEPROM_REGION_LENGTH__:0x10000
                [0x0000000000000003]                __FUSE_REGION_LENGTH__ = DEFINED (__FUSE_REGION_LENGTH__)?__FUSE_REGION_LENGTH__:0x400
                0x0000000000000400                __LOCK_REGION_LENGTH__ = DEFINED (__LOCK_REGION_LENGTH__)?__LOCK_REGION_LENGTH__:0x400
                0x0000000000000400                __SIGNATURE_REGION_LENGTH__ = DEFINED (__SIGNATURE_REGION_LENGTH__)?__SIGNATURE_REGION_LENGTH__:0x400
                0x0000000000000400                __USER_SIGNATURE_REGION_LENGTH__ = DEFINED (__USER_SIGNATURE_REGION_LENGTH__)?__USER_SIGNATURE_REGION_LENGTH__:0x400

.hash
 *(.hash)

.dynsym
 *(.dynsym)

.dynstr
 *(.dynstr)

.gnu.version
 *(.gnu.version)

.gnu.version_d
 *(.gnu.version_d)

.gnu.version_r
 *(.gnu.version_r)

.rel.init
 *(.rel.init)

.rela.init
 *(.rela.init)

.rel.text
 *(.rel.text)
 *(.rel.text.*)
 *(.rel.gnu.linkonce.t*)

.rela.text
 *(.rela.text)
 *(.rela.text.*)
 *(.rela.gnu.linkonce.t*)

.rel.fini
 *(.rel.fini)

.rela.fini
 *(.rela.fini)

.rel.rodata
 *(.rel.rodata)
 *(.rel.rodata.*)
 *(.rel.gnu.linkonce.r*)

.rela.rodata
 *(.rela.rodata)
 *(.rela.rodata.*)
 *(.rela.gnu.linkonce.r*)

.rel.data
 *(.rel.data)
 *(.rel.data.*)
 *(.rel.gnu.linkonce.d*)

.rela.data
 *(.rela.data)
 *(.rela.data.*)
 *(.rela.gnu.linkonce.d*)

.rel.ctors
 *(.rel.ctors)

.rela.ctors
 *(.rela.ctors)

.rel.dtors
 *(.rel.dtors)

.rela.dtors
 *(.rela.dtors)

.rel.got
 *(.rel.got)

.rela.got
 *(.rela.got)

.rel.bss
 *(.rel.bss)

.rela.bss
 *(.rela.bss)

.rel.plt
 *(.rel.plt)

.rela.plt
 *(.rela.plt)

.text           0x0000000000000000      0x15e
 *(.vectors)
 .vectors       0x0000000000000000       0xe4 C:/Program Files (x86)/Atmel/Studio/7.0/Packs/atmel/ATmega_DFP/1.7.374/xc8/avr/lib/avr6/memx-const/crtatmega2560.o
                0x0000000000000000                __vector_default
                0x0000000000000000                __vectors
 *(.vectors)
 *(.progmem.gcc*)
 *(.dinit)
 .dinit         0x00000000000000e4       0x1d data_init
                0x0000000000000102                . = ALIGN (0x2)
 *fill*         0x0000000000000101        0x1 
                0x0000000000000102                __trampolines_start = .
 *(.trampolines)
 .trampolines   0x0000000000000102        0x0 linker stubs
 *(.trampolines*)
                0x0000000000000102                __trampolines_end = .
 *libprintf_flt.a:*(.progmem.data)
 *libc.a:*(.progmem.data)
                0x0000000000000102                . = ALIGN (0x2)
 *(.jumptables)
 *(.jumptables*)
 *(.lowtext)
 *(.lowtext*)
                0x0000000000000102                __ctors_start = .
 *(.ctors)
                0x0000000000000102                __ctors_end = .
                0x0000000000000102                __dtors_start = .
 *(.dtors)
                0x0000000000000102                __dtors_end = .
 SORT(*)(.ctors)
 SORT(*)(.dtors)
 *(.init0)
 .init0         0x0000000000000102        0x0 C:/Program Files (x86)/Atmel/Studio/7.0/Packs/atmel/ATmega_DFP/1.7.374/xc8/avr/lib/avr6/memx-const/crtatmega2560.o
                0x0000000000000102                __init
 *(.init0)
 *(.init1)
 *(.init1)
 *(.init2)
 .init2         0x0000000000000102       0x10 C:/Program Files (x86)/Atmel/Studio/7.0/Packs/atmel/ATmega_DFP/1.7.374/xc8/avr/lib/avr6/memx-const/crtatmega2560.o
 *(.init2)
 *(.init3)
 *(.init3)
 *(.init4)
 .init4         0x0000000000000112       0x40 c:/program files/microchip/xc8/v2.36/avr/bin/../lib/gcc/avr/5.4.0/avr6/memx-const\libgcc.a(_copy_data.o)
                0x0000000000000112                __do_copy_data
                0x0000000000000144                __do_clear_bss
 *(.init4)
 *(.init5)
 *(.init5)
 *(.init6)
 *(.init6)
 *(.init7)
 *(.init7)
 *(.init8)
 *(.init8)
 *(.init9)
 .init9         0x0000000000000152        0x8 C:/Program Files (x86)/Atmel/Studio/7.0/Packs/atmel/ATmega_DFP/1.7.374/xc8/avr/lib/avr6/memx-const/crtatmega2560.o
 *(.init9)
                0x000000000000015a                . = ALIGN (0x2)
 *(.fini9)
 .fini9         0x000000000000015a        0x0 c:/program files/microchip/xc8/v2.36/avr/bin/../lib/gcc/avr/5.4.0/avr6/memx-const\libgcc.a(_exit.o)
                0x000000000000015a                _exit
 *(.fini9)
 *(.fini8)
 *(.fini8)
 *(.fini7)
 *(.fini7)
 *(.fini6)
 *(.fini6)
 *(.fini5)
 *(.fini5)
 *(.fini4)
 *(.fini4)
 *(.fini3)
 *(.fini3)
 *(.fini2)
 *(.fini2)
 *(.fini1)
 *(.fini1)
 *(.fini0)
 .fini0         0x000000000000015a        0x4 c:/program files/microchip/xc8/v2.36/avr/bin/../lib/gcc/avr/5.4.0/avr6/memx-const\libgcc.a(_exit.o)
 *(.fini0)
                0x000000000000015e                _etext = .

.data           0x0000000000800200        0x0 load address 0x000000000000015e
                [!provide]                        PROVIDE (__data_start, .)
 *(.gnu.linkonce.d*)
 *(.gnu.linkonce.r*)
                0x0000000000800200                . = ALIGN (0x2)
                0x0000000000800200                _edata = .
                [!provide]                        PROVIDE (__data_end, .)

.bss            0x0000000000800200        0x0
                [!provide]                        PROVIDE (__bss_start, .)
 *(COMMON)
                [!provide]                        PROVIDE (__bss_end, .)
                0x000000000000015e                __data_load_start = LOADADDR (.data)
                0x000000000000015e                __data_load_end = (__data_load_start + SIZEOF (.data))

.noinit         0x0000000000800200        0x0
                [!provide]                        PROVIDE (__noinit_start, .)
 *(.noinit*)
                [!provide]                        PROVIDE (__noinit_end, .)
                0x0000000000800200                _end = .

.eeprom         0x0000000000810000        0x0
 *(.eeprom*)
                0x0000000000810000                __eeprom_end = .

.fuse
 *(.fuse)
 *(.lfuse)
 *(.hfuse)
 *(.efuse)

.lock
 *(.lock*)

.signature
 *(.signature*)

.user_signatures
 *(.user_signatures*)

.stab
 *(.stab)

.stabstr
 *(.stabstr)

.stab.excl
 *(.stab.excl)

.stab.exclstr
 *(.stab.exclstr)

.stab.index
 *(.stab.index)

.stab.indexstr
 *(.stab.indexstr)

.comment        0x0000000000000000       0x2f
 *(.comment)
 .comment       0x0000000000000000       0x2f Application/main.o
                                         0x30 (size before relaxing)
 .comment       0x000000000000002f       0x30 HAL/Src/GLCD12864.o
 .comment       0x000000000000002f       0x30 MCAL/Src/ADC.o
 .comment       0x000000000000002f       0x30 MCAL/Src/DIO.o
 .comment       0x000000000000002f       0x30 MCAL/Src/SPI.o
 .comment       0x000000000000002f       0x30 MCAL/Src/USART.o
 .comment       0x000000000000002f       0x30 c:/program files/microchip/xc8/v2.36/avr/bin/../lib/gcc/avr/5.4.0/../../../../avr/lib/avr6/memx-const\libc.a(exit.o)
 .comment       0x000000000000002f       0x30 c:/program files/microchip/xc8/v2.36/avr/bin/../lib/gcc/avr/5.4.0/../../../../avr/lib/avr6/memx-const\libc.a(_Exit.o)

.stack.descriptors.hdr
                0x0000000000000000       0xc4
 .stack.descriptors.hdr
                0x0000000000000000        0xe c:/program files/microchip/xc8/v2.36/avr/bin/../lib/gcc/avr/5.4.0/../../../../avr/lib/avr6/memx-const\libm.a(addsf3.o)
 .stack.descriptors.hdr
                0x000000000000000e        0xe c:/program files/microchip/xc8/v2.36/avr/bin/../lib/gcc/avr/5.4.0/../../../../avr/lib/avr6/memx-const\libm.a(addsf3x.o)
 .stack.descriptors.hdr
                0x000000000000001c        0xe c:/program files/microchip/xc8/v2.36/avr/bin/../lib/gcc/avr/5.4.0/../../../../avr/lib/avr6/memx-const\libm.a(fixsfsi.o)
 .stack.descriptors.hdr
                0x000000000000002a        0xe c:/program files/microchip/xc8/v2.36/avr/bin/../lib/gcc/avr/5.4.0/../../../../avr/lib/avr6/memx-const\libm.a(fixunssfsi.o)
 .stack.descriptors.hdr
                0x0000000000000038        0xe c:/program files/microchip/xc8/v2.36/avr/bin/../lib/gcc/avr/5.4.0/../../../../avr/lib/avr6/memx-const\libm.a(floatsisf.o)
 .stack.descriptors.hdr
                0x0000000000000046        0xe c:/program files/microchip/xc8/v2.36/avr/bin/../lib/gcc/avr/5.4.0/../../../../avr/lib/avr6/memx-const\libm.a(fp_inf.o)
 .stack.descriptors.hdr
                0x0000000000000054        0xe c:/program files/microchip/xc8/v2.36/avr/bin/../lib/gcc/avr/5.4.0/../../../../avr/lib/avr6/memx-const\libm.a(fp_nan.o)
 .stack.descriptors.hdr
                0x0000000000000062        0xe c:/program files/microchip/xc8/v2.36/avr/bin/../lib/gcc/avr/5.4.0/../../../../avr/lib/avr6/memx-const\libm.a(fp_pscA.o)
 .stack.descriptors.hdr
                0x0000000000000070        0xe c:/program files/microchip/xc8/v2.36/avr/bin/../lib/gcc/avr/5.4.0/../../../../avr/lib/avr6/memx-const\libm.a(fp_pscB.o)
 .stack.descriptors.hdr
                0x000000000000007e        0xe c:/program files/microchip/xc8/v2.36/avr/bin/../lib/gcc/avr/5.4.0/../../../../avr/lib/avr6/memx-const\libm.a(fp_round.o)
 .stack.descriptors.hdr
                0x000000000000008c        0xe c:/program files/microchip/xc8/v2.36/avr/bin/../lib/gcc/avr/5.4.0/../../../../avr/lib/avr6/memx-const\libm.a(fp_split3.o)
 .stack.descriptors.hdr
                0x000000000000009a        0xe c:/program files/microchip/xc8/v2.36/avr/bin/../lib/gcc/avr/5.4.0/../../../../avr/lib/avr6/memx-const\libm.a(fp_zero.o)
 .stack.descriptors.hdr
                0x00000000000000a8        0xe c:/program files/microchip/xc8/v2.36/avr/bin/../lib/gcc/avr/5.4.0/avr6/memx-const\libgcc.a(_xload_1.o)
 .stack.descriptors.hdr
                0x00000000000000b6        0xe c:/program files/microchip/xc8/v2.36/avr/bin/../lib/gcc/avr/5.4.0/avr6/memx-const\libgcc.a(_exit.o)

.note.GNU-stack
                0x0000000000000000        0x0
 .note.GNU-stack
                0x0000000000000000        0x0 c:/program files/microchip/xc8/v2.36/avr/bin/../lib/gcc/avr/5.4.0/../../../../avr/lib/avr6/memx-const\libm.a(addsf3.o)
 .note.GNU-stack
                0x0000000000000000        0x0 c:/program files/microchip/xc8/v2.36/avr/bin/../lib/gcc/avr/5.4.0/../../../../avr/lib/avr6/memx-const\libm.a(addsf3x.o)
 .note.GNU-stack
                0x0000000000000000        0x0 c:/program files/microchip/xc8/v2.36/avr/bin/../lib/gcc/avr/5.4.0/../../../../avr/lib/avr6/memx-const\libm.a(fixsfsi.o)
 .note.GNU-stack
                0x0000000000000000        0x0 c:/program files/microchip/xc8/v2.36/avr/bin/../lib/gcc/avr/5.4.0/../../../../avr/lib/avr6/memx-const\libm.a(fixunssfsi.o)
 .note.GNU-stack
                0x0000000000000000        0x0 c:/program files/microchip/xc8/v2.36/avr/bin/../lib/gcc/avr/5.4.0/../../../../avr/lib/avr6/memx-const\libm.a(floatsisf.o)
 .note.GNU-stack
                0x0000000000000000        0x0 c:/program files/microchip/xc8/v2.36/avr/bin/../lib/gcc/avr/5.4.0/../../../../avr/lib/avr6/memx-const\libm.a(fp_inf.o)
 .note.GNU-stack
                0x0000000000000000        0x0 c:/program files/microchip/xc8/v2.36/avr/bin/../lib/gcc/avr/5.4.0/../../../../avr/lib/avr6/memx-const\libm.a(fp_nan.o)
 .note.GNU-stack
                0x0000000000000000        0x0 c:/program files/microchip/xc8/v2.36/avr/bin/../lib/gcc/avr/5.4.0/../../../../avr/lib/avr6/memx-const\libm.a(fp_pscA.o)
 .note.GNU-stack
                0x0000000000000000        0x0 c:/program files/microchip/xc8/v2.36/avr/bin/../lib/gcc/avr/5.4.0/../../../../avr/lib/avr6/memx-const\libm.a(fp_pscB.o)
 .note.GNU-stack
                0x0000000000000000        0x0 c:/program files/microchip/xc8/v2.36/avr/bin/../lib/gcc/avr/5.4.0/../../../../avr/lib/avr6/memx-const\libm.a(fp_round.o)
 .note.GNU-stack
                0x0000000000000000        0x0 c:/program files/microchip/xc8/v2.36/avr/bin/../lib/gcc/avr/5.4.0/../../../../avr/lib/avr6/memx-const\libm.a(fp_split3.o)
 .note.GNU-stack
                0x0000000000000000        0x0 c:/program files/microchip/xc8/v2.36/avr/bin/../lib/gcc/avr/5.4.0/../../../../avr/lib/avr6/memx-const\libm.a(fp_zero.o)
 .note.GNU-stack
                0x0000000000000000        0x0 c:/program files/microchip/xc8/v2.36/avr/bin/../lib/gcc/avr/5.4.0/../../../../avr/lib/avr6/memx-const\libc.a(exit.o)
 .note.GNU-stack
                0x0000000000000000        0x0 c:/program files/microchip/xc8/v2.36/avr/bin/../lib/gcc/avr/5.4.0/../../../../avr/lib/avr6/memx-const\libc.a(_Exit.o)

.note.gnu.build-id
 *(.note.gnu.build-id)

.debug
 *(.debug)

.line
 *(.line)

.debug_srcinfo
 *(.debug_srcinfo)

.debug_sfnames
 *(.debug_sfnames)

.debug_aranges  0x0000000000000000      0x250
 *(.debug_aranges)
 .debug_aranges
                0x0000000000000000       0x20 Application/main.o
 .debug_aranges
                0x0000000000000020       0x58 HAL/Src/GLCD12864.o
 .debug_aranges
                0x0000000000000078       0x40 MCAL/Src/ADC.o
 .debug_aranges
                0x00000000000000b8       0x78 MCAL/Src/DIO.o
 .debug_aranges
                0x0000000000000130       0x78 MCAL/Src/SPI.o
 .debug_aranges
                0x00000000000001a8       0xa8 MCAL/Src/USART.o

.debug_pubnames
 *(.debug_pubnames)

.debug_info     0x0000000000000000     0x53bd
 *(.debug_info .gnu.linkonce.wi.*)
 .debug_info    0x0000000000000000      0xbbc C:/Program Files (x86)/Atmel/Studio/7.0/Packs/atmel/ATmega_DFP/1.7.374/xc8/avr/lib/avr6/memx-const/crtatmega2560.o
 .debug_info    0x0000000000000bbc      0x937 Application/main.o
 .debug_info    0x00000000000014f3      0xfc3 HAL/Src/GLCD12864.o
 .debug_info    0x00000000000024b6      0x82e MCAL/Src/ADC.o
 .debug_info    0x0000000000002ce4      0x8ee MCAL/Src/DIO.o
 .debug_info    0x00000000000035d2      0xd37 MCAL/Src/SPI.o
 .debug_info    0x0000000000004309     0x10b4 MCAL/Src/USART.o

.debug_abbrev   0x0000000000000000     0x169e
 *(.debug_abbrev)
 .debug_abbrev  0x0000000000000000      0xb1a C:/Program Files (x86)/Atmel/Studio/7.0/Packs/atmel/ATmega_DFP/1.7.374/xc8/avr/lib/avr6/memx-const/crtatmega2560.o
 .debug_abbrev  0x0000000000000b1a      0x184 Application/main.o
 .debug_abbrev  0x0000000000000c9e      0x245 HAL/Src/GLCD12864.o
 .debug_abbrev  0x0000000000000ee3      0x176 MCAL/Src/ADC.o
 .debug_abbrev  0x0000000000001059      0x154 MCAL/Src/DIO.o
 .debug_abbrev  0x00000000000011ad      0x2a7 MCAL/Src/SPI.o
 .debug_abbrev  0x0000000000001454      0x24a MCAL/Src/USART.o

.debug_line     0x0000000000000000     0x1a5a
 *(.debug_line .debug_line.* .debug_line_end)
 .debug_line    0x0000000000000000      0x1fd C:/Program Files (x86)/Atmel/Studio/7.0/Packs/atmel/ATmega_DFP/1.7.374/xc8/avr/lib/avr6/memx-const/crtatmega2560.o
 .debug_line    0x00000000000001fd      0x1fb Application/main.o
 .debug_line    0x00000000000003f8      0x5f7 HAL/Src/GLCD12864.o
 .debug_line    0x00000000000009ef      0x1fd MCAL/Src/ADC.o
 .debug_line    0x0000000000000bec      0x39d MCAL/Src/DIO.o
 .debug_line    0x0000000000000f89      0x59b MCAL/Src/SPI.o
 .debug_line    0x0000000000001524      0x536 MCAL/Src/USART.o

.debug_frame    0x0000000000000000      0x93c
 *(.debug_frame)
 .debug_frame   0x0000000000000000       0x24 Application/main.o
 .debug_frame   0x0000000000000024      0x1fc HAL/Src/GLCD12864.o
 .debug_frame   0x0000000000000220       0x8c MCAL/Src/ADC.o
 .debug_frame   0x00000000000002ac      0x114 MCAL/Src/DIO.o
 .debug_frame   0x00000000000003c0      0x128 MCAL/Src/SPI.o
 .debug_frame   0x00000000000004e8      0x454 MCAL/Src/USART.o

.debug_str      0x0000000000000000      0x4de
 *(.debug_str)
 .debug_str     0x0000000000000000      0x3e6 C:/Program Files (x86)/Atmel/Studio/7.0/Packs/atmel/ATmega_DFP/1.7.374/xc8/avr/lib/avr6/memx-const/crtatmega2560.o
 .debug_str     0x00000000000003e6       0x36 Application/main.o
 .debug_str     0x000000000000041c       0x5e HAL/Src/GLCD12864.o
 .debug_str     0x000000000000047a       0x16 MCAL/Src/ADC.o
 .debug_str     0x0000000000000490       0x1c MCAL/Src/DIO.o
 .debug_str     0x00000000000004ac       0x1e MCAL/Src/SPI.o
 .debug_str     0x00000000000004ca       0x14 MCAL/Src/USART.o

.debug_loc      0x0000000000000000     0x2b91
 *(.debug_loc)
 .debug_loc     0x0000000000000000       0xd8 Application/main.o
 .debug_loc     0x00000000000000d8      0xd22 HAL/Src/GLCD12864.o
 .debug_loc     0x0000000000000dfa      0x241 MCAL/Src/ADC.o
 .debug_loc     0x000000000000103b      0x687 MCAL/Src/DIO.o
 .debug_loc     0x00000000000016c2      0x70c MCAL/Src/SPI.o
 .debug_loc     0x0000000000001dce      0xdc3 MCAL/Src/USART.o

.debug_macinfo
 *(.debug_macinfo)

.debug_weaknames
 *(.debug_weaknames)

.debug_funcnames
 *(.debug_funcnames)

.debug_typenames
 *(.debug_typenames)

.debug_varnames
 *(.debug_varnames)

.debug_pubtypes
 *(.debug_pubtypes)

.debug_ranges   0x0000000000000000      0x258
 *(.debug_ranges)
 .debug_ranges  0x0000000000000000       0x10 Application/main.o
 .debug_ranges  0x0000000000000010       0x48 HAL/Src/GLCD12864.o
 .debug_ranges  0x0000000000000058       0x30 MCAL/Src/ADC.o
 .debug_ranges  0x0000000000000088       0x68 MCAL/Src/DIO.o
 .debug_ranges  0x00000000000000f0       0xd0 MCAL/Src/SPI.o
 .debug_ranges  0x00000000000001c0       0x98 MCAL/Src/USART.o

.debug_macro
 *(.debug_macro)
OUTPUT(ATmega2560 New Drivers.elf elf32-avr)
LOAD linker stubs
LOAD data_init

.note.gnu.avr.deviceinfo
                0x0000000000000000       0x40
 .note.gnu.avr.deviceinfo
                0x0000000000000000       0x40 C:/Program Files (x86)/Atmel/Studio/7.0/Packs/atmel/ATmega_DFP/1.7.374/xc8/avr/lib/avr6/memx-const/crtatmega2560.o

.bss.SPI_OperationMode
                0x0000000000800d53        0x1
 .bss.SPI_OperationMode
                0x0000000000800d53        0x1 MCAL/Src/SPI.o

.bss.TX_DataIsAvailable
                0x0000000000800d54        0x1
 .bss.TX_DataIsAvailable
                0x0000000000800d54        0x1 MCAL/Src/SPI.o

.bss.RX_DataIsReady
                0x0000000000800d55        0x1
 .bss.RX_DataIsReady
                0x0000000000800d55        0x1 MCAL/Src/SPI.o

.bss.SPI_TX_BufferTail
                0x0000000000800d56        0x1
 .bss.SPI_TX_BufferTail
                0x0000000000800d56        0x1 MCAL/Src/SPI.o

.bss.SPI_RX_BufferTail
                0x0000000000800d57        0x1
 .bss.SPI_RX_BufferTail
                0x0000000000800d57        0x1 MCAL/Src/SPI.o

.bss.SPI_RX_BufferHead
                0x0000000000800d58        0x1
 .bss.SPI_RX_BufferHead
                0x0000000000800d58        0x1 MCAL/Src/SPI.o

.bss.SPI_RX_Buffer
                0x0000000000800be0      0x100
 .bss.SPI_RX_Buffer
                0x0000000000800be0      0x100 MCAL/Src/SPI.o

.bss.TX_BufferTail
                0x0000000000800d43        0x4
 .bss.TX_BufferTail
                0x0000000000800d43        0x4 MCAL/Src/USART.o

.bss.TX_BufferHead
                0x0000000000800d47        0x4
 .bss.TX_BufferHead
                0x0000000000800d47        0x4 MCAL/Src/USART.o

.bss.TX_Buffer  0x0000000000800200      0x400
 .bss.TX_Buffer
                0x0000000000800200      0x400 MCAL/Src/USART.o

.bss.RX_BufferTail
                0x0000000000800d4b        0x4
 .bss.RX_BufferTail
                0x0000000000800d4b        0x4 MCAL/Src/USART.o

.bss.RX_BufferHead
                0x0000000000800d4f        0x4
 .bss.RX_BufferHead
                0x0000000000800d4f        0x4 MCAL/Src/USART.o

.bss.RX_Buffer  0x0000000000800600      0x400
 .bss.RX_Buffer
                0x0000000000800600      0x400 MCAL/Src/USART.o

.progmemx.data.img2
                0x000000000000015e      0x400
 .progmemx.data.img2
                0x000000000000015e      0x400 Application/main.o
                0x000000000000015e                img2

.progmemx.data.img1
                0x000000000000055e      0x400
 .progmemx.data.img1
                0x000000000000055e      0x400 Application/main.o
                0x000000000000055e                img1

.progmemx.data.img
                0x000000000000095e      0x400
 .progmemx.data.img
                0x000000000000095e      0x400 Application/main.o
                0x000000000000095e                img

.progmemx.data  0x0000000000000d5e        0xd
 .progmemx.data
                0x0000000000000d5e        0xd Application/main.o

.text.GLCD_WriteString
                0x0000000000000d6c      0x3b6
 .text.GLCD_WriteString
                0x0000000000000d6c      0x3b6 HAL/Src/GLCD12864.o
                0x0000000000000d6c                GLCD_WriteString

.text.GLCD_Init
                0x0000000000001122      0x1e6
 .text.GLCD_Init
                0x0000000000001122      0x1e6 HAL/Src/GLCD12864.o
                0x0000000000001122                GLCD_Init

.text.GLCD_DrawBitmap
                0x0000000000001308      0x100
 .text.GLCD_DrawBitmap
                0x0000000000001308      0x100 HAL/Src/GLCD12864.o
                0x0000000000001308                GLCD_DrawBitmap

.text.DIO_PinDirSetup
                0x0000000000001408       0xf2
 .text.DIO_PinDirSetup
                0x0000000000001408       0xf2 MCAL/Src/DIO.o
                0x0000000000001408                DIO_PinDirSetup

.text.__vector_24
                0x00000000000014fa       0xe4
 .text.__vector_24
                0x00000000000014fa       0xe4 MCAL/Src/SPI.o
                0x00000000000014fa                __vector_24

.text           0x00000000000015de       0xce
 .text          0x00000000000015de       0xce c:/program files/microchip/xc8/v2.36/avr/bin/../lib/gcc/avr/5.4.0/../../../../avr/lib/avr6/memx-const\libm.a(addsf3x.o)
                0x00000000000015de                __addsf3x

.text.DIO_PinWrite
                0x00000000000016ac       0xaa
 .text.DIO_PinWrite
                0x00000000000016ac       0xaa MCAL/Src/DIO.o
                0x00000000000016ac                DIO_PinWrite

.text.USART_RX_InterruptHandler
                0x0000000000001756       0xa2
 .text.USART_RX_InterruptHandler
                0x0000000000001756       0xa2 MCAL/Src/USART.o

.text.main      0x00000000000017f8       0x9c
 .text.main     0x00000000000017f8       0x9c Application/main.o
                0x00000000000017f8                main

.text.GLCD_WriteCommand
                0x0000000000001894       0x98
 .text.GLCD_WriteCommand
                0x0000000000001894       0x98 HAL/Src/GLCD12864.o

.text.GLCD_WriteData
                0x000000000000192c       0x98
 .text.GLCD_WriteData
                0x000000000000192c       0x98 HAL/Src/GLCD12864.o

.text           0x00000000000019c4       0x7a
 .text          0x00000000000019c4       0x7a c:/program files/microchip/xc8/v2.36/avr/bin/../lib/gcc/avr/5.4.0/../../../../avr/lib/avr6/memx-const\libm.a(floatsisf.o)
                0x00000000000019c4                __floatunsisf
                0x00000000000019c8                __floatsisf

.text.USART_UDRE_InterruptHandler
                0x0000000000001a3e       0x70
 .text.USART_UDRE_InterruptHandler
                0x0000000000001a3e       0x70 MCAL/Src/USART.o

.text.GLCD_Clear
                0x0000000000001aae       0x66
 .text.GLCD_Clear
                0x0000000000001aae       0x66 HAL/Src/GLCD12864.o
                0x0000000000001aae                GLCD_Clear

.text.DIO_PinToggle
                0x0000000000001b14       0x62
 .text.DIO_PinToggle
                0x0000000000001b14       0x62 MCAL/Src/DIO.o
                0x0000000000001b14                DIO_PinToggle

.text           0x0000000000001b76       0x5e
 .text          0x0000000000001b76       0x5e c:/program files/microchip/xc8/v2.36/avr/bin/../lib/gcc/avr/5.4.0/../../../../avr/lib/avr6/memx-const\libm.a(fixunssfsi.o)
                0x0000000000001b76                __fixunssfsi

.text.__vector_25
                0x0000000000001bd4       0x52
 .text.__vector_25
                0x0000000000001bd4       0x52 MCAL/Src/USART.o
                0x0000000000001bd4                __vector_25

.text.__vector_36
                0x0000000000001c26       0x52
 .text.__vector_36
                0x0000000000001c26       0x52 MCAL/Src/USART.o
                0x0000000000001c26                __vector_36

.text.__vector_51
                0x0000000000001c78       0x52
 .text.__vector_51
                0x0000000000001c78       0x52 MCAL/Src/USART.o
                0x0000000000001c78                __vector_51

.text.__vector_54
                0x0000000000001cca       0x52
 .text.__vector_54
                0x0000000000001cca       0x52 MCAL/Src/USART.o
                0x0000000000001cca                __vector_54

.text.__vector_26
                0x0000000000001d1c       0x52
 .text.__vector_26
                0x0000000000001d1c       0x52 MCAL/Src/USART.o
                0x0000000000001d1c                __vector_26

.text.__vector_37
                0x0000000000001d6e       0x52
 .text.__vector_37
                0x0000000000001d6e       0x52 MCAL/Src/USART.o
                0x0000000000001d6e                __vector_37

.text.__vector_52
                0x0000000000001dc0       0x52
 .text.__vector_52
                0x0000000000001dc0       0x52 MCAL/Src/USART.o
                0x0000000000001dc0                __vector_52

.text.__vector_55
                0x0000000000001e12       0x52
 .text.__vector_55
                0x0000000000001e12       0x52 MCAL/Src/USART.o
                0x0000000000001e12                __vector_55

.text           0x0000000000001e64       0x44
 .text          0x0000000000001e64       0x44 c:/program files/microchip/xc8/v2.36/avr/bin/../lib/gcc/avr/5.4.0/../../../../avr/lib/avr6/memx-const\libm.a(fp_split3.o)
                0x0000000000001e64                __fp_split3
                0x0000000000001e74                __fp_splitA

.text.__vector_29
                0x0000000000001ea8       0x32
 .text.__vector_29
                0x0000000000001ea8       0x32 MCAL/Src/ADC.o
                0x0000000000001ea8                __vector_29

.text.GLCD_Toggle_CS
                0x0000000000001eda       0x22
 .text.GLCD_Toggle_CS
                0x0000000000001eda       0x22 HAL/Src/GLCD12864.o

.text           0x0000000000001efc       0x22
 .text          0x0000000000001efc       0x22 c:/program files/microchip/xc8/v2.36/avr/bin/../lib/gcc/avr/5.4.0/../../../../avr/lib/avr6/memx-const\libm.a(fp_round.o)
                0x0000000000001efc                __fp_round

.text.exit      0x0000000000001f1e       0x16
 .text.exit     0x0000000000001f1e       0x16 c:/program files/microchip/xc8/v2.36/avr/bin/../lib/gcc/avr/5.4.0/../../../../avr/lib/avr6/memx-const\libc.a(exit.o)
                0x0000000000001f1e                exit

.text.__vector_27
                0x0000000000001f34       0x14
 .text.__vector_27
                0x0000000000001f34       0x14 MCAL/Src/USART.o
                0x0000000000001f34                __vector_27

.text           0x0000000000001f48        0xe
 .text          0x0000000000001f48        0xe c:/program files/microchip/xc8/v2.36/avr/bin/../lib/gcc/avr/5.4.0/../../../../avr/lib/avr6/memx-const\libm.a(addsf3.o)
                0x0000000000001f48                __subsf3
                0x0000000000001f4a                __addsf3

.text           0x0000000000001f56        0xe
 .text          0x0000000000001f56        0xe c:/program files/microchip/xc8/v2.36/avr/bin/../lib/gcc/avr/5.4.0/../../../../avr/lib/avr6/memx-const\libm.a(fixsfsi.o)
                0x0000000000001f56                __fixsfsi

.text           0x0000000000001f64        0xe
 .text          0x0000000000001f64        0xe c:/program files/microchip/xc8/v2.36/avr/bin/../lib/gcc/avr/5.4.0/../../../../avr/lib/avr6/memx-const\libm.a(fp_pscA.o)
                0x0000000000001f64                __fp_pscA

.text           0x0000000000001f72        0xe
 .text          0x0000000000001f72        0xe c:/program files/microchip/xc8/v2.36/avr/bin/../lib/gcc/avr/5.4.0/../../../../avr/lib/avr6/memx-const\libm.a(fp_pscB.o)
                0x0000000000001f72                __fp_pscB

.text           0x0000000000001f80        0xe
 .text          0x0000000000001f80        0xe c:/program files/microchip/xc8/v2.36/avr/bin/../lib/gcc/avr/5.4.0/../../../../avr/lib/avr6/memx-const\libm.a(fp_zero.o)
                0x0000000000001f80                __fp_zero
                0x0000000000001f82                __fp_szero

.text.libgcc    0x0000000000001f8e        0xe
 .text.libgcc   0x0000000000001f8e        0xe c:/program files/microchip/xc8/v2.36/avr/bin/../lib/gcc/avr/5.4.0/avr6/memx-const\libgcc.a(_xload_1.o)
                0x0000000000001f8e                __xload_1

.text           0x0000000000001f9c        0xc
 .text          0x0000000000001f9c        0xc c:/program files/microchip/xc8/v2.36/avr/bin/../lib/gcc/avr/5.4.0/../../../../avr/lib/avr6/memx-const\libm.a(fp_inf.o)
                0x0000000000001f9c                __fp_inf

.text           0x0000000000001fa8        0x6
 .text          0x0000000000001fa8        0x6 c:/program files/microchip/xc8/v2.36/avr/bin/../lib/gcc/avr/5.4.0/../../../../avr/lib/avr6/memx-const\libm.a(fp_nan.o)
                0x0000000000001fa8                __fp_nan

.text           0x0000000000001fae        0x4
 .text          0x0000000000001fae        0x4 C:/Program Files (x86)/Atmel/Studio/7.0/Packs/atmel/ATmega_DFP/1.7.374/xc8/avr/lib/avr6/memx-const/crtatmega2560.o
                0x0000000000001fae                __vector_38
                0x0000000000001fae                __vector_22
                0x0000000000001fae                __vector_28
                0x0000000000001fae                __vector_1
                0x0000000000001fae                __vector_32
                0x0000000000001fae                __vector_34
                0x0000000000001fae                __vector_12
                0x0000000000001fae                __vector_46
                0x0000000000001fae                __bad_interrupt
                0x0000000000001fae                __vector_6
                0x0000000000001fae                __vector_31
                0x0000000000001fae                __vector_35
                0x0000000000001fae                __vector_39
                0x0000000000001fae                __vector_3
                0x0000000000001fae                __vector_23
                0x0000000000001fae                __vector_30
                0x0000000000001fae                __vector_45
                0x0000000000001fae                __vector_11
                0x0000000000001fae                __vector_13
                0x0000000000001fae                __vector_17
                0x0000000000001fae                __vector_19
                0x0000000000001fae                __vector_56
                0x0000000000001fae                __vector_7
                0x0000000000001fae                __vector_49
                0x0000000000001fae                __vector_41
                0x0000000000001fae                __vector_43
                0x0000000000001fae                __vector_5
                0x0000000000001fae                __vector_33
                0x0000000000001fae                __vector_47
                0x0000000000001fae                __vector_4
                0x0000000000001fae                __vector_44
                0x0000000000001fae                __vector_9
                0x0000000000001fae                __vector_2
                0x0000000000001fae                __vector_21
                0x0000000000001fae                __vector_15
                0x0000000000001fae                __vector_40
                0x0000000000001fae                __vector_8
                0x0000000000001fae                __vector_48
                0x0000000000001fae                __vector_14
                0x0000000000001fae                __vector_53
                0x0000000000001fae                __vector_10
                0x0000000000001fae                __vector_50
                0x0000000000001fae                __vector_16
                0x0000000000001fae                __vector_18
                0x0000000000001fae                __vector_20
                0x0000000000001fae                __vector_42

.text._Exit     0x0000000000001fb2        0x4
 .text._Exit    0x0000000000001fb2        0x4 c:/program files/microchip/xc8/v2.36/avr/bin/../lib/gcc/avr/5.4.0/../../../../avr/lib/avr6/memx-const\libc.a(_Exit.o)
                0x0000000000001fb2                _Exit

.text.__dummy_fini
                0x0000000000001fb6        0x2
 .text.__dummy_fini
                0x0000000000001fb6        0x2 c:/program files/microchip/xc8/v2.36/avr/bin/../lib/gcc/avr/5.4.0/../../../../avr/lib/avr6/memx-const\libc.a(exit.o)
                0x0000000000001fb6                _fini

.text.__dummy_funcs_on_exit
                0x0000000000001fb8        0x2
 .text.__dummy_funcs_on_exit
                0x0000000000001fb8        0x2 c:/program files/microchip/xc8/v2.36/avr/bin/../lib/gcc/avr/5.4.0/../../../../avr/lib/avr6/memx-const\libc.a(exit.o)
                0x0000000000001fb8                __funcs_on_exit

.text.__dummy_simulator_exit
                0x0000000000001fba        0x2
 .text.__dummy_simulator_exit
                0x0000000000001fba        0x2 c:/program files/microchip/xc8/v2.36/avr/bin/../lib/gcc/avr/5.4.0/../../../../avr/lib/avr6/memx-const\libc.a(exit.o)
                0x0000000000001fba                __simulator_exit

.data.font      0x0000000000800a00      0x1e0 load address 0x0000000000001fbc
 .data.font     0x0000000000800a00      0x1e0 HAL/Src/GLCD12864.o
                0x0000000000800a00                font

.data.GLCD1     0x0000000000800ce0       0x1f load address 0x000000000000219c
 .data.GLCD1    0x0000000000800ce0       0x1f Application/main.o
                0x0000000000800ce0                GLCD1

.data.PORT_REG  0x0000000000800cff       0x16 load address 0x00000000000021bb
 .data.PORT_REG
                0x0000000000800cff       0x16 MCAL/Src/DIO.o
                0x0000000000800cff                PORT_REG

.data.DDR_REG   0x0000000000800d15       0x16 load address 0x00000000000021d1
 .data.DDR_REG  0x0000000000800d15       0x16 MCAL/Src/DIO.o
                0x0000000000800d15                DDR_REG

.data.UDR_REG   0x0000000000800d2b        0x8 load address 0x00000000000021e7
 .data.UDR_REG  0x0000000000800d2b        0x8 MCAL/Src/USART.o
                0x0000000000800d2b                UDR_REG

.data.UCSRB_REG
                0x0000000000800d33        0x8 load address 0x00000000000021ef
 .data.UCSRB_REG
                0x0000000000800d33        0x8 MCAL/Src/USART.o
                0x0000000000800d33                UCSRB_REG

.data.UCSRA_REG
                0x0000000000800d3b        0x8 load address 0x00000000000021f7
 .data.UCSRA_REG
                0x0000000000800d3b        0x8 MCAL/Src/USART.o
                0x0000000000800d3b                UCSRA_REG
